Archive member included because of file (symbol)

C:\eclipse\arduinoPlugin\packages\arduino\hardware\sam\1.6.12\variants\arduino_due_x/libsam_sam3x8e_gcc_rel.a(pio.o)
                              .\core\variant\variant.cpp.o (PIO_Configure)
C:\eclipse\arduinoPlugin\packages\arduino\hardware\sam\1.6.12\variants\arduino_due_x/libsam_sam3x8e_gcc_rel.a(pmc.o)
                              .\libraries\due_can-master\src\due_can.cpp.o (pmc_enable_periph_clk)
C:\eclipse\arduinoPlugin\packages\arduino\hardware\sam\1.6.12\variants\arduino_due_x/libsam_sam3x8e_gcc_rel.a(system_sam3xa.o)
                              .\core\variant\variant.cpp.o (SystemInit)
C:\eclipse\arduinoPlugin\packages\arduino\hardware\sam\1.6.12\variants\arduino_due_x/libsam_sam3x8e_gcc_rel.a(startup_sam3xa.o)
                              (Reset_Handler)
C:\eclipse\arduinoPlugin\packages\arduino\hardware\sam\1.6.12\variants\arduino_due_x/libsam_sam3x8e_gcc_rel.a(adc.o)
                              .\core\variant\variant.cpp.o (adc_init)
C:\eclipse\arduinoPlugin\packages\arduino\hardware\sam\1.6.12\variants\arduino_due_x/libsam_sam3x8e_gcc_rel.a(uotghs.o)
                              C:\eclipse\arduinoPlugin\packages\arduino\hardware\sam\1.6.12\variants\arduino_due_x/libsam_sam3x8e_gcc_rel.a(startup_sam3xa.o) (UOTGHS_Handler)
C:/eclipse-workspace/rpmtoCluster/Release/arduino.ar(CDC.cpp.o)
                              .\sloeber.ino.cpp.o (Serial_::begin(unsigned long))
C:/eclipse-workspace/rpmtoCluster/Release/arduino.ar(USBCore.cpp.o)
                              C:/eclipse-workspace/rpmtoCluster/Release/arduino.ar(CDC.cpp.o) (USBD_Available(unsigned long))
C:/eclipse-workspace/rpmtoCluster/Release/arduino.ar(Print.cpp.o)
                              .\libraries\due_can-master\src\due_can.cpp.o (Print::println(char const*))
C:/eclipse-workspace/rpmtoCluster/Release/arduino.ar(Reset.cpp.o)
                              C:/eclipse-workspace/rpmtoCluster/Release/arduino.ar(CDC.cpp.o) (initiateReset)
C:/eclipse-workspace/rpmtoCluster/Release/arduino.ar(RingBuffer.cpp.o)
                              .\core\variant\variant.cpp.o (RingBuffer::RingBuffer())
C:/eclipse-workspace/rpmtoCluster/Release/arduino.ar(UARTClass.cpp.o)
                              .\core\variant\variant.cpp.o (UARTClass::available())
C:/eclipse-workspace/rpmtoCluster/Release/arduino.ar(USARTClass.cpp.o)
                              .\core\variant\variant.cpp.o (USARTClass::USARTClass(Usart*, IRQn, unsigned long, RingBuffer*, RingBuffer*))
C:/eclipse-workspace/rpmtoCluster/Release/arduino.ar(WInterrupts.c.o)
                              .\sloeber.ino.cpp.o (attachInterrupt)
C:/eclipse-workspace/rpmtoCluster/Release/arduino.ar(abi.cpp.o)
                              .\libraries\can_common-master\src\can_common.cpp.o (__cxa_pure_virtual)
C:/eclipse-workspace/rpmtoCluster/Release/arduino.ar(cortex_handlers.c.o)
                              C:\eclipse\arduinoPlugin\packages\arduino\hardware\sam\1.6.12\variants\arduino_due_x/libsam_sam3x8e_gcc_rel.a(startup_sam3xa.o) (NMI_Handler)
C:/eclipse-workspace/rpmtoCluster/Release/arduino.ar(hooks.c.o)
                              C:/eclipse-workspace/rpmtoCluster/Release/arduino.ar(cortex_handlers.c.o) (sysTickHook)
C:/eclipse-workspace/rpmtoCluster/Release/arduino.ar(main.cpp.o)
                              c:/eclipse/arduinoplugin/packages/arduino/tools/arm-none-eabi-gcc/4.8.3-2014q1/bin/../lib/gcc/arm-none-eabi/4.8.3/../../../../arm-none-eabi/lib/armv7-m/crt0.o (main)
C:/eclipse-workspace/rpmtoCluster/Release/arduino.ar(new.cpp.o)
                              .\libraries\due_can-master\src\due_can.cpp.o (operator new(unsigned int))
C:/eclipse-workspace/rpmtoCluster/Release/arduino.ar(syscalls_sam3.c.o)
                              (_sbrk)
C:/eclipse-workspace/rpmtoCluster/Release/arduino.ar(watchdog.cpp.o)
                              C:/eclipse-workspace/rpmtoCluster/Release/arduino.ar(main.cpp.o) (watchdogSetup())
C:/eclipse-workspace/rpmtoCluster/Release/arduino.ar(wiring.c.o)
                              .\sloeber.ino.cpp.o (millis)
C:/eclipse-workspace/rpmtoCluster/Release/arduino.ar(wiring_analog.c.o)
                              .\core\variant\variant.cpp.o (analogOutputInit)
C:/eclipse-workspace/rpmtoCluster/Release/arduino.ar(wiring_digital.c.o)
                              .\sloeber.ino.cpp.o (pinMode)
C:/eclipse-workspace/rpmtoCluster/Release/arduino.ar(PluggableUSB.cpp.o)
                              C:/eclipse-workspace/rpmtoCluster/Release/arduino.ar(USBCore.cpp.o) (PluggableUSB_::getInterface(unsigned char*))
C:\eclipse\arduinoPlugin\packages\arduino\hardware\sam\1.6.12\variants\arduino_due_x/libsam_sam3x8e_gcc_rel.a(pwmc.o)
                              C:/eclipse-workspace/rpmtoCluster/Release/arduino.ar(wiring_analog.c.o) (PWMC_ConfigureChannel)
C:\eclipse\arduinoPlugin\packages\arduino\hardware\sam\1.6.12\variants\arduino_due_x/libsam_sam3x8e_gcc_rel.a(tc.o)
[...]
Memory Configuration

Name             Origin             Length             Attributes
rom              0x00080000         0x00080000         xr
sram0            0x20000000         0x00010000         xrw
sram1            0x20080000         0x00008000         xrw
ram              0x20070000         0x00018000         xrw
*default*        0x00000000         0xffffffff

Linker script and memory map

LOAD c:/eclipse/arduinoplugin/packages/arduino/tools/arm-none-eabi-gcc/4.8.3-2014q1/bin/../lib/gcc/arm-none-eabi/4.8.3/armv7-m/crti.o
LOAD c:/eclipse/arduinoplugin/packages/arduino/tools/arm-none-eabi-gcc/4.8.3-2014q1/bin/../lib/gcc/arm-none-eabi/4.8.3/armv7-m/crtbegin.o
LOAD c:/eclipse/arduinoplugin/packages/arduino/tools/arm-none-eabi-gcc/4.8.3-2014q1/bin/../lib/gcc/arm-none-eabi/4.8.3/../../../../arm-none-eabi/lib/armv7-m/crt0.o
START GROUP
LOAD .\sloeber.ino.cpp.o
LOAD .\libraries\due_can-master\src\due_can.cpp.o
LOAD .\libraries\can_common-master\src\can_common.cpp.o
LOAD .\core\variant\variant.cpp.o
LOAD C:\eclipse\arduinoPlugin\packages\arduino\hardware\sam\1.6.12\variants\arduino_due_x/libsam_sam3x8e_gcc_rel.a
LOAD C:/eclipse-workspace/rpmtoCluster/Release/arduino.ar
END GROUP
LOAD c:/eclipse/arduinoplugin/packages/arduino/tools/arm-none-eabi-gcc/4.8.3-2014q1/bin/../lib/gcc/arm-none-eabi/4.8.3/../../../../arm-none-eabi/lib/armv7-m\libm.a
LOAD c:/eclipse/arduinoplugin/packages/arduino/tools/arm-none-eabi-gcc/4.8.3-2014q1/bin/../lib/gcc/arm-none-eabi/4.8.3/armv7-m\libgcc.a
START GROUP
LOAD c:/eclipse/arduinoplugin/packages/arduino/tools/arm-none-eabi-gcc/4.8.3-2014q1/bin/../lib/gcc/arm-none-eabi/4.8.3/armv7-m\libgcc.a
LOAD c:/eclipse/arduinoplugin/packages/arduino/tools/arm-none-eabi-gcc/4.8.3-2014q1/bin/../lib/gcc/arm-none-eabi/4.8.3/../../../../arm-none-eabi/lib/armv7-m\libc.a
END GROUP
LOAD c:/eclipse/arduinoplugin/packages/arduino/tools/arm-none-eabi-gcc/4.8.3-2014q1/bin/../lib/gcc/arm-none-eabi/4.8.3/armv7-m/crtend.o
LOAD c:/eclipse/arduinoplugin/packages/arduino/tools/arm-none-eabi-gcc/4.8.3-2014q1/bin/../lib/gcc/arm-none-eabi/4.8.3/armv7-m/crtn.o

.text           0x00080000     0x435c
                0x00080000                . = ALIGN (0x4)
                0x00080000                _sfixed = .
 *(.vectors .vectors.*)
 .vectors       0x00080000       0xf4 C:\eclipse\arduinoPlugin\packages\arduino\hardware\sam\1.6.12\variants\arduino_due_x/libsam_sam3x8e_gcc_rel.a(startup_sam3xa.o)
                0x00080000                exception_table
 *(.text .text.* .gnu.linkonce.t.*)
 .text          0x000800f4       0x54 c:/eclipse/arduinoplugin/packages/arduino/tools/arm-none-eabi-gcc/4.8.3-2014q1/bin/../lib/gcc/arm-none-eabi/4.8.3/armv7-m/crtbegin.o
 .text._Z13rpm_measumentv
                0x00080148       0x2c .\sloeber.ino.cpp.o
                0x00080148                rpm_measument()
 .text.setup    0x00080174       0x54 .\sloeber.ino.cpp.o
                0x00080174                setup
 .text._Z10clusterCANv
                0x000801c8       0x60 .\sloeber.ino.cpp.o
                0x000801c8                clusterCAN()
 .text.loop     0x00080228       0x68 .\sloeber.ino.cpp.o
                0x00080228                loop
 .text._ZN6CANRaw12set_baudrateEm
                0x00080290       0xf0 .\libraries\due_can-master\src\due_can.cpp.o
                0x00080290                CANRaw::set_baudrate(unsigned long)
 .text._ZN6CANRaw6enableEv
                0x00080380       0x1c .\libraries\due_can-master\src\due_can.cpp.o
                0x00080380                CANRaw::enable()
 .text._ZN6CANRaw7disableEv
                0x0008039c       0x1c .\libraries\due_can-master\src\due_can.cpp.o
                0x0008039c                CANRaw::disable()
 .text._ZN6CANRaw8rx_availEv
                0x000803b8       0x3e .\libraries\due_can-master\src\due_can.cpp.o
                0x000803b8                CANRaw::rx_avail()
 *fill*         0x000803f6        0x2 
 .text._ZN6CANRaw7irqLockEv
                0x000803f8       0x20 .\libraries\due_can-master\src\due_can.cpp.o
                0x000803f8                CANRaw::irqLock()
 .text._ZN6CANRaw10irqReleaseEv
                0x00080418       0x20 .\libraries\due_can-master\src\due_can.cpp.o
                0x00080418                CANRaw::irqRelease()
 .text._ZN6CANRaw17initializeBuffersEv
                0x00080438       0xa8 .\libraries\due_can-master\src\due_can.cpp.o
                0x00080438                CANRaw::initializeBuffers()
 .text._ZN6CANRaw15addToRingBufferERNS_12ringbuffer_tERK9CAN_FRAME
                0x000804e0       0x40 .\libraries\due_can-master\src\due_can.cpp.o
                0x000804e0                CANRaw::addToRingBuffer(CANRaw::ringbuffer_t&, CAN_FRAME const&)
 .text._ZN6CANRaw20removeFromRingBufferERNS_12ringbuffer_tER9CAN_FRAME
                0x00080520       0x44 .\libraries\due_can-master\src\due_can.cpp.o
                0x00080520                CANRaw::removeFromRingBuffer(CANRaw::ringbuffer_t&, CAN_FRAME&)
 .text._ZN6CANRaw11get_rx_buffER9CAN_FRAME
                0x00080564       0x22 .\libraries\due_can-master\src\due_can.cpp.o
                0x00080564                CANRaw::get_rx_buff(CAN_FRAME&)
 .text._ZN6CANRaw15ringBufferCountERNS_12ringbuffer_tE
                0x00080586       0x32 .\libraries\due_can-master\src\due_can.cpp.o
                0x00080586                CANRaw::ringBufferCount(CANRaw::ringbuffer_t&)
 .text._ZN6CANRaw9availableEv
                0x000805b8       0x1e .\libraries\due_can-master\src\due_can.cpp.o
                0x000805b8                CANRaw::available()
 .text._ZN6CANRaw10setModeBitEm
                0x000805d6       0x1e .\libraries\due_can-master\src\due_can.cpp.o
                0x000805d6                CANRaw::setModeBit(unsigned long)
 .text._ZN6CANRaw12unsetModeBitEm
                0x000805f4       0x20 .\libraries\due_can-master\src\due_can.cpp.o
                0x000805f4                CANRaw::unsetModeBit(unsigned long)
 .text._ZN6CANRaw28disable_autobaud_listen_modeEv
                0x00080614        0x6 .\libraries\due_can-master\src\due_can.cpp.o
                0x00080614                CANRaw::disable_autobaud_listen_mode()
 *fill*         0x0008061a        0x2 
 .text._ZN6CANRawC2EP3Canm
                0x0008061c       0x88 .\libraries\due_can-master\src\due_can.cpp.o
                0x0008061c                CANRaw::CANRaw(Can*, unsigned long)
                0x0008061c                CANRaw::CANRaw(Can*, unsigned long)
 .text._ZN6CANRaw27enable_autobaud_listen_modeEv
                0x000806a4        0x6 .\libraries\due_can-master\src\due_can.cpp.o
                0x000806a4                CANRaw::enable_autobaud_listen_mode()
 .text._ZN6CANRaw17setListenOnlyModeEb
                0x000806aa        0xa .\libraries\due_can-master\src\due_can.cpp.o
                0x000806aa                CANRaw::setListenOnlyMode(bool)
 .text._ZN6CANRaw25mailbox_send_transfer_cmdEh
                0x000806b4       0x1c .\libraries\due_can-master\src\due_can.cpp.o
                0x000806b4                CANRaw::mailbox_send_transfer_cmd(unsigned char)
 .text._ZN6CANRaw12mailbox_initEh
                0x000806d0       0x2a .\libraries\due_can-master\src\due_can.cpp.o
                0x000806d0                CANRaw::mailbox_init(unsigned char)
 .text._ZN6CANRaw17reset_all_mailboxEv
                0x000806fa       0x1e .\libraries\due_can-master\src\due_can.cpp.o
                0x000806fa                CANRaw::reset_all_mailbox()
 .text._ZN6CANRaw14beginAutoSpeedEv
                0x00080718       0xbc .\libraries\due_can-master\src\due_can.cpp.o
                0x00080718                CANRaw::beginAutoSpeed()
 .text._ZN6CANRaw12mailbox_readEhPV9CAN_FRAME
                0x000807d4       0x94 .\libraries\due_can-master\src\due_can.cpp.o
                0x000807d4                CANRaw::mailbox_read(unsigned char, CAN_FRAME volatile*)
 .text._ZN6CANRaw14mailbox_set_idEhmb
                0x00080868       0x2c .\libraries\due_can-master\src\due_can.cpp.o
                0x00080868                CANRaw::mailbox_set_id(unsigned char, unsigned long, bool)
 .text._ZN6CANRaw20mailbox_set_priorityEhh
                0x00080894       0x20 .\libraries\due_can-master\src\due_can.cpp.o
                0x00080894                CANRaw::mailbox_set_priority(unsigned char, unsigned char)
 .text._ZN6CANRaw23mailbox_set_accept_maskEhmb
                0x000808b4       0x4c .\libraries\due_can-master\src\due_can.cpp.o
                0x000808b4                CANRaw::mailbox_set_accept_mask(unsigned char, unsigned long, bool)
 .text._ZN6CANRaw18_setFilterSpecificEhmmb
                0x00080900       0x44 .\libraries\due_can-master\src\due_can.cpp.o
                0x00080900                CANRaw::_setFilterSpecific(unsigned char, unsigned long, unsigned long, bool)
 .text._ZN6CANRaw16mailbox_set_modeEhh
                0x00080944       0x26 .\libraries\due_can-master\src\due_can.cpp.o
                0x00080944                CANRaw::mailbox_set_mode(unsigned char, unsigned char)
 .text._ZN6CANRaw13setNumTXBoxesEi
                0x0008096a       0x86 .\libraries\due_can-master\src\due_can.cpp.o
                0x0008096a                CANRaw::setNumTXBoxes(int)
 .text._ZN6CANRaw4initEm
                0x000809f0      0x10c .\libraries\due_can-master\src\due_can.cpp.o
                0x000809f0                CANRaw::init(unsigned long)
 .text._ZN6CANRaw20mailbox_set_databyteEhhh
                0x00080afc       0x54 .\libraries\due_can-master\src\due_can.cpp.o
                0x00080afc                CANRaw::mailbox_set_databyte(unsigned char, unsigned char, unsigned char)
 .text._ZN6CANRaw15mailbox_set_rtrEhh
                0x00080b50       0x24 .\libraries\due_can-master\src\due_can.cpp.o
                0x00080b50                CANRaw::mailbox_set_rtr(unsigned char, unsigned char)
 .text._ZN6CANRaw19mailbox_set_datalenEhh
                0x00080b74       0x2a .\libraries\due_can-master\src\due_can.cpp.o
                0x00080b74                CANRaw::mailbox_set_datalen(unsigned char, unsigned char)
 .text._ZN6CANRaw16writeTxRegistersERK9CAN_FRAMEh
                0x00080b9e       0x5a .\libraries\due_can-master\src\due_can.cpp.o
                0x00080b9e                CANRaw::writeTxRegisters(CAN_FRAME const&, unsigned char)
 .text._ZN6CANRaw9sendFrameER9CAN_FRAME
                0x00080bf8       0x80 .\libraries\due_can-master\src\due_can.cpp.o
                0x00080bf8                CANRaw::sendFrame(CAN_FRAME&)
 .text._ZN6CANRaw17findFreeRXMailboxEv
                0x00080c78       0x1a .\libraries\due_can-master\src\due_can.cpp.o
                0x00080c78                CANRaw::findFreeRXMailbox()
 *fill*         0x00080c92        0x2 
 .text._ZN6CANRaw10_setFilterEmmb
                0x00080c94       0x5c .\libraries\due_can-master\src\due_can.cpp.o
                0x00080c94                CANRaw::_setFilter(unsigned long, unsigned long, bool)
 .text._ZN6CANRaw19mailbox_int_handlerEhm
                0x00080cf0       0xfa .\libraries\due_can-master\src\due_can.cpp.o
                0x00080cf0                CANRaw::mailbox_int_handler(unsigned char, unsigned long)
 .text._ZN6CANRaw16interruptHandlerEv
                0x00080dea       0xce .\libraries\due_can-master\src\due_can.cpp.o
                0x00080dea                CANRaw::interruptHandler()
 .text.CAN0_Handler
                0x00080eb8        0xc .\libraries\due_can-master\src\due_can.cpp.o
                0x00080eb8                CAN0_Handler
 .text.CAN1_Handler
                0x00080ec4        0xc .\libraries\due_can-master\src\due_can.cpp.o
                0x00080ec4                CAN1_Handler
 .text.startup._GLOBAL__sub_I__ZN6CANRawC2EP3Canm
                0x00080ed0       0x2c .\libraries\due_can-master\src\due_can.cpp.o
 .text._ZN10CAN_COMMON13get_rx_buffFDER12CAN_FRAME_FD
                0x00080efc        0x4 .\libraries\can_common-master\src\can_common.cpp.o
                0x00080efc                CAN_COMMON::get_rx_buffFD(CAN_FRAME_FD&)
 .text._ZN10CAN_COMMON14set_baudrateFDEmm
                0x00080f00        0x4 .\libraries\can_common-master\src\can_common.cpp.o
                0x00080f00                CAN_COMMON::set_baudrateFD(unsigned long, unsigned long)
 .text._ZN10CAN_COMMON11sendFrameFDER12CAN_FRAME_FD
                0x00080f04        0x4 .\libraries\can_common-master\src\can_common.cpp.o
                0x00080f04                CAN_COMMON::sendFrameFD(CAN_FRAME_FD&)
 .text._ZN10CAN_COMMON6initFDEmm
                0x00080f08        0x4 .\libraries\can_common-master\src\can_common.cpp.o
                0x00080f08                CAN_COMMON::initFD(unsigned long, unsigned long)
 .text._ZN9CAN_FRAMEC2Ev
                0x00080f0c       0x1c .\libraries\can_common-master\src\can_common.cpp.o
                0x00080f0c                CAN_FRAME::CAN_FRAME()
                0x00080f0c                CAN_FRAME::CAN_FRAME()
 .text._ZN11CANListener16isCallbackActiveEi
                0x00080f28       0x24 .\libraries\can_common-master\src\can_common.cpp.o
                0x00080f28                CANListener::isCallbackActive(int)
 .text._ZN10CAN_COMMONC2Ei
                0x00080f4c       0x60 .\libraries\can_common-master\src\can_common.cpp.o
                0x00080f4c                CAN_COMMON::CAN_COMMON(int)
                0x00080f4c                CAN_COMMON::CAN_COMMON(int)
 .text._ZN10CAN_COMMON5beginEm
                0x00080fac        0xa .\libraries\can_common-master\src\can_common.cpp.o
                0x00080fac                CAN_COMMON::begin(unsigned long)
 .text._ZN10CAN_COMMON11setRXFilterEhmmb
                0x00080fb6       0x12 .\libraries\can_common-master\src\can_common.cpp.o
                0x00080fb6                CAN_COMMON::setRXFilter(unsigned char, unsigned long, unsigned long, bool)
 .text._Z11serialEventv
                0x00080fc8        0x2 .\core\variant\variant.cpp.o
                0x00080fc8                serialEvent()
 *fill*         0x00080fca        0x2 
 .text.UART_Handler
                0x00080fcc        0xc .\core\variant\variant.cpp.o
                0x00080fcc                UART_Handler
 .text._Z12serialEvent1v
                0x00080fd8        0x2 .\core\variant\variant.cpp.o
                0x00080fd8                serialEvent1()
 .text._Z12serialEvent2v
                0x00080fda        0x2 .\core\variant\variant.cpp.o
                0x00080fda                serialEvent2()
 .text._Z12serialEvent3v
                0x00080fdc        0x2 .\core\variant\variant.cpp.o
                0x00080fdc                serialEvent3()
 *fill*         0x00080fde        0x2 
 .text.USART0_Handler
                0x00080fe0        0xc .\core\variant\variant.cpp.o
                0x00080fe0                USART0_Handler
 .text.USART1_Handler
                0x00080fec        0xc .\core\variant\variant.cpp.o
                0x00080fec                USART1_Handler
 .text.USART3_Handler
                0x00080ff8        0xc .\core\variant\variant.cpp.o
                0x00080ff8                USART3_Handler
 .text.init     0x00081004      0x128 .\core\variant\variant.cpp.o
                0x00081004                init
 .text.startup._GLOBAL__sub_I_g_APinDescription
                0x0008112c       0xd4 .\core\variant\variant.cpp.o
 .text._Z14serialEventRunv
                0x00081200       0x44 .\core\variant\variant.cpp.o
                0x00081200                serialEventRun()
 .text.PIO_PullUp
                0x00081244        0xa C:\eclipse\arduinoPlugin\packages\arduino\hardware\sam\1.6.12\variants\arduino_due_x/libsam_sam3x8e_gcc_rel.a(pio.o)
                0x00081244                PIO_PullUp
 .text.PIO_SetPeripheral
                0x0008124e       0x26 C:\eclipse\arduinoPlugin\packages\arduino\hardware\sam\1.6.12\variants\arduino_due_x/libsam_sam3x8e_gcc_rel.a(pio.o)
                0x0008124e                PIO_SetPeripheral
 .text.PIO_SetInput
                0x00081274       0x26 C:\eclipse\arduinoPlugin\packages\arduino\hardware\sam\1.6.12\variants\arduino_due_x/libsam_sam3x8e_gcc_rel.a(pio.o)
                0x00081274                PIO_SetInput
 .text.PIO_SetOutput
                0x0008129a       0x24 C:\eclipse\arduinoPlugin\packages\arduino\hardware\sam\1.6.12\variants\arduino_due_x/libsam_sam3x8e_gcc_rel.a(pio.o)
                0x0008129a                PIO_SetOutput
 *fill*         0x000812be        0x2 
 .text.PIO_Configure
                0x000812c0       0x64 C:\eclipse\arduinoPlugin\packages\arduino\hardware\sam\1.6.12\variants\arduino_due_x/libsam_sam3x8e_gcc_rel.a(pio.o)
                0x000812c0                PIO_Configure
 .text.PIO_GetOutputDataStatus
                0x00081324       0x14 C:\eclipse\arduinoPlugin\packages\arduino\hardware\sam\1.6.12\variants\arduino_due_x/libsam_sam3x8e_gcc_rel.a(pio.o)
                0x00081324                PIO_GetOutputDataStatus
 .text.pmc_enable_upll_clock
                0x00081338       0x14 C:\eclipse\arduinoPlugin\packages\arduino\hardware\sam\1.6.12\variants\arduino_due_x/libsam_sam3x8e_gcc_rel.a(pmc.o)
                0x00081338                pmc_enable_upll_clock
 .text.pmc_enable_periph_clk
                0x0008134c       0x44 C:\eclipse\arduinoPlugin\packages\arduino\hardware\sam\1.6.12\variants\arduino_due_x/libsam_sam3x8e_gcc_rel.a(pmc.o)
                0x0008134c                pmc_enable_periph_clk
 .text.pmc_disable_periph_clk
                0x00081390       0x40 C:\eclipse\arduinoPlugin\packages\arduino\hardware\sam\1.6.12\variants\arduino_due_x/libsam_sam3x8e_gcc_rel.a(pmc.o)
                0x00081390                pmc_disable_periph_clk
 .text.pmc_switch_udpck_to_upllck
                0x000813d0       0x14 C:\eclipse\arduinoPlugin\packages\arduino\hardware\sam\1.6.12\variants\arduino_due_x/libsam_sam3x8e_gcc_rel.a(pmc.o)
                0x000813d0                pmc_switch_udpck_to_upllck
 .text.pmc_enable_udpck
                0x000813e4        0xc C:\eclipse\arduinoPlugin\packages\arduino\hardware\sam\1.6.12\variants\arduino_due_x/libsam_sam3x8e_gcc_rel.a(pmc.o)
                0x000813e4                pmc_enable_udpck
 .text.SystemInit
                0x000813f0       0x88 C:\eclipse\arduinoPlugin\packages\arduino\hardware\sam\1.6.12\variants\arduino_due_x/libsam_sam3x8e_gcc_rel.a(system_sam3xa.o)
                0x000813f0                SystemInit
 .text.Reset_Handler
                0x00081478       0x78 C:\eclipse\arduinoPlugin\packages\arduino\hardware\sam\1.6.12\variants\arduino_due_x/libsam_sam3x8e_gcc_rel.a(startup_sam3xa.o)
                0x00081478                Reset_Handler
 .text.adc_init
                0x000814f0       0x98 C:\eclipse\arduinoPlugin\packages\arduino\hardware\sam\1.6.12\variants\arduino_due_x/libsam_sam3x8e_gcc_rel.a(adc.o)
                0x000814f0                adc_init
 .text.adc_configure_trigger
                0x00081588        0xe C:\eclipse\arduinoPlugin\packages\arduino\hardware\sam\1.6.12\variants\arduino_due_x/libsam_sam3x8e_gcc_rel.a(adc.o)
                0x00081588                adc_configure_trigger
 .text.adc_configure_timing
                0x00081596       0x1a C:\eclipse\arduinoPlugin\packages\arduino\hardware\sam\1.6.12\variants\arduino_due_x/libsam_sam3x8e_gcc_rel.a(adc.o)
                0x00081596                adc_configure_timing
 .text.adc_disable_channel
                0x000815b0        0xa C:\eclipse\arduinoPlugin\packages\arduino\hardware\sam\1.6.12\variants\arduino_due_x/libsam_sam3x8e_gcc_rel.a(adc.o)
                0x000815b0                adc_disable_channel
 .text.adc_disable_all_channel
                0x000815ba        0x8 C:\eclipse\arduinoPlugin\packages\arduino\hardware\sam\1.6.12\variants\arduino_due_x/libsam_sam3x8e_gcc_rel.a(adc.o)
                0x000815ba                adc_disable_all_channel
 .text.adc_disable_interrupt
                0x000815c2        0x4 C:\eclipse\arduinoPlugin\packages\arduino\hardware\sam\1.6.12\variants\arduino_due_x/libsam_sam3x8e_gcc_rel.a(adc.o)
                0x000815c2                adc_disable_interrupt
 *fill*         0x000815c6        0x2 
 .text.UOTGHS_Handler
                0x000815c8       0x10 C:\eclipse\arduinoPlugin\packages\arduino\hardware\sam\1.6.12\variants\arduino_due_x/libsam_sam3x8e_gcc_rel.a(uotghs.o)
                0x000815c8                UOTGHS_Handler
 .text._ZN7Serial_9availableEv
                0x000815d8       0x18 C:/eclipse-workspace/rpmtoCluster/Release/arduino.ar(CDC.cpp.o)
                0x000815d8                Serial_::available()
 .text._ZN7Serial_17availableForWriteEv
                0x000815f0        0x6 C:/eclipse-workspace/rpmtoCluster/Release/arduino.ar(CDC.cpp.o)
                0x000815f0                Serial_::availableForWrite()
 *fill*         0x000815f6        0x2 
 .text._ZN7Serial_4peekEv
                0x000815f8       0x20 C:/eclipse-workspace/rpmtoCluster/Release/arduino.ar(CDC.cpp.o)
                0x000815f8                Serial_::peek()
 .text._ZN7Serial_5writeEh
                0x00081618       0x16 C:/eclipse-workspace/rpmtoCluster/Release/arduino.ar(CDC.cpp.o)
                0x00081618                Serial_::write(unsigned char)
 *fill*         0x0008162e        0x2 
 .text._ZN7Serial_4readEv
                0x00081630       0x44 C:/eclipse-workspace/rpmtoCluster/Release/arduino.ar(CDC.cpp.o)
                0x00081630                Serial_::read()
 .text._ZN7Serial_5flushEv
                0x00081674        0x6 C:/eclipse-workspace/rpmtoCluster/Release/arduino.ar(CDC.cpp.o)
                0x00081674                Serial_::flush()
 *fill*         0x0008167a        0x2 
 .text._ZN7Serial_6acceptEv
                0x0008167c       0x70 C:/eclipse-workspace/rpmtoCluster/Release/arduino.ar(CDC.cpp.o)
                0x0008167c                Serial_::accept()
 .text._ZN7Serial_5writeEPKhj
                0x000816ec       0x2c C:/eclipse-workspace/rpmtoCluster/Release/arduino.ar(CDC.cpp.o)
                0x000816ec                Serial_::write(unsigned char const*, unsigned int)
 .text._Z16CDC_GetInterfacePh
                0x00081718       0x14 C:/eclipse-workspace/rpmtoCluster/Release/arduino.ar(CDC.cpp.o)
                0x00081718                CDC_GetInterface(unsigned char*)
 .text._Z21CDC_GetOtherInterfacePh
                0x0008172c       0x14 C:/eclipse-workspace/rpmtoCluster/Release/arduino.ar(CDC.cpp.o)
                0x0008172c                CDC_GetOtherInterface(unsigned char*)
 .text._Z9CDC_SetupR8USBSetup
                0x00081740       0x78 C:/eclipse-workspace/rpmtoCluster/Release/arduino.ar(CDC.cpp.o)
                0x00081740                CDC_Setup(USBSetup&)
 .text._ZN7Serial_5beginEm
                0x000817b8        0x2 C:/eclipse-workspace/rpmtoCluster/Release/arduino.ar(CDC.cpp.o)
                0x000817b8                Serial_::begin(unsigned long)
 *fill*         0x000817ba        0x2 
 .text.startup._GLOBAL__sub_I_cdc_rx_buffer
                0x000817bc       0x1c C:/eclipse-workspace/rpmtoCluster/Release/arduino.ar(CDC.cpp.o)
 .text.unlikely._ZL11USB_SendZlpv
                0x000817d8       0x20 C:/eclipse-workspace/rpmtoCluster/Release/arduino.ar(USBCore.cpp.o)
 .text._Z14USBD_Availablem
                0x000817f8       0x2c C:/eclipse-workspace/rpmtoCluster/Release/arduino.ar(USBCore.cpp.o)
                0x000817f8                USBD_Available(unsigned long)
 .text._Z9USBD_RecvmPvm
                0x00081824       0x7c C:/eclipse-workspace/rpmtoCluster/Release/arduino.ar(USBCore.cpp.o)
                0x00081824                USBD_Recv(unsigned long, void*, unsigned long)
 .text._Z9USBD_Recvm
                0x000818a0       0x22 C:/eclipse-workspace/rpmtoCluster/Release/arduino.ar(USBCore.cpp.o)
                0x000818a0                USBD_Recv(unsigned long)
 *fill*         0x000818c2        0x2 
 .text._Z9USBD_SendmPKvm
                0x000818c4       0x4c C:/eclipse-workspace/rpmtoCluster/Release/arduino.ar(USBCore.cpp.o)
                0x000818c4                USBD_Send(unsigned long, void const*, unsigned long)
 .text._Z16USBD_SendControlhPKvm
                0x00081910       0x40 C:/eclipse-workspace/rpmtoCluster/Release/arduino.ar(USBCore.cpp.o)
                0x00081910                USBD_SendControl(unsigned char, void const*, unsigned long)
 .text.unlikely._ZL24USB_SendStringDescriptorPKhi
                0x00081950       0x64 C:/eclipse-workspace/rpmtoCluster/Release/arduino.ar(USBCore.cpp.o)
 .text._Z16USBD_RecvControlPvm
                0x000819b4       0x1c C:/eclipse-workspace/rpmtoCluster/Release/arduino.ar(USBCore.cpp.o)
                0x000819b4                USBD_RecvControl(void*, unsigned long)
 .text._Z26USBD_ClassInterfaceRequestR8USBSetup
                0x000819d0       0x1e C:/eclipse-workspace/rpmtoCluster/Release/arduino.ar(USBCore.cpp.o)
                0x000819d0                USBD_ClassInterfaceRequest(USBSetup&)
 .text._Z19USBD_SendInterfacesv
                0x000819ee       0x22 C:/eclipse-workspace/rpmtoCluster/Release/arduino.ar(USBCore.cpp.o)
                0x000819ee                USBD_SendInterfaces()
 .text._Z24USBD_SendOtherInterfacesv
                0x00081a10       0x22 C:/eclipse-workspace/rpmtoCluster/Release/arduino.ar(USBCore.cpp.o)
                0x00081a10                USBD_SendOtherInterfaces()
 .text._Z10USBD_Flushm
                0x00081a32       0x16 C:/eclipse-workspace/rpmtoCluster/Release/arduino.ar(USBCore.cpp.o)
                0x00081a32                USBD_Flush(unsigned long)
 .text._ZN10USBDevice_C2Ev
                0x00081a48       0x24 C:/eclipse-workspace/rpmtoCluster/Release/arduino.ar(USBCore.cpp.o)
                0x00081a48                USBDevice_::USBDevice_()
                0x00081a48                USBDevice_::USBDevice_()
 .text._ZN10USBDevice_6attachEv
                0x00081a6c       0x20 C:/eclipse-workspace/rpmtoCluster/Release/arduino.ar(USBCore.cpp.o)
                0x00081a6c                USBDevice_::attach()
 .text.startup._GLOBAL__sub_I_EndPoints
                0x00081a8c        0xc C:/eclipse-workspace/rpmtoCluster/Release/arduino.ar(USBCore.cpp.o)
 .text._ZL7USB_ISRv
                0x00081a98      0x454 C:/eclipse-workspace/rpmtoCluster/Release/arduino.ar(USBCore.cpp.o)
 .text._ZN5Print5writeEPKhj
                0x00081eec       0x22 C:/eclipse-workspace/rpmtoCluster/Release/arduino.ar(Print.cpp.o)
                0x00081eec                Print::write(unsigned char const*, unsigned int)
 .text._ZN5Print5writeEPKc
                0x00081f0e       0x1e C:/eclipse-workspace/rpmtoCluster/Release/arduino.ar(Print.cpp.o)
                0x00081f0e                Print::write(char const*)
 .text._ZN5Print5printEc
                0x00081f2c        0xa C:/eclipse-workspace/rpmtoCluster/Release/arduino.ar(Print.cpp.o)
                0x00081f2c                Print::print(char)
 *fill*         0x00081f36        0x2 
 .text._ZN5Print7printlnEv
                0x00081f38       0x10 C:/eclipse-workspace/rpmtoCluster/Release/arduino.ar(Print.cpp.o)
                0x00081f38                Print::println()
 .text._ZN5Print7printlnEPKc
                0x00081f48       0x14 C:/eclipse-workspace/rpmtoCluster/Release/arduino.ar(Print.cpp.o)
                0x00081f48                Print::println(char const*)
 .text._ZN5Print11printNumberEmh
                0x00081f5c       0x3e C:/eclipse-workspace/rpmtoCluster/Release/arduino.ar(Print.cpp.o)
                0x00081f5c                Print::printNumber(unsigned long, unsigned char)
 .text._ZN5Print5printEli
                0x00081f9a       0x3c C:/eclipse-workspace/rpmtoCluster/Release/arduino.ar(Print.cpp.o)
                0x00081f9a                Print::print(long, int)
 .text._ZN5Print7printlnEii
                0x00081fd6       0x14 C:/eclipse-workspace/rpmtoCluster/Release/arduino.ar(Print.cpp.o)
                0x00081fd6                Print::println(int, int)
 *fill*         0x00081fea        0x2 
 .text.initiateReset
                0x00081fec        0xc C:/eclipse-workspace/rpmtoCluster/Release/arduino.ar(Reset.cpp.o)
                0x00081fec                initiateReset
 .text.cancelReset
                0x00081ff8       0x10 C:/eclipse-workspace/rpmtoCluster/Release/arduino.ar(Reset.cpp.o)
                0x00081ff8                cancelReset
 .text.tickReset
                0x00082008       0x20 C:/eclipse-workspace/rpmtoCluster/Release/arduino.ar(Reset.cpp.o)
                0x00082008                tickReset
 .text._ZN10RingBufferC2Ev
                0x00082028       0x1a C:/eclipse-workspace/rpmtoCluster/Release/arduino.ar(RingBuffer.cpp.o)
                0x00082028                RingBuffer::RingBuffer()
                0x00082028                RingBuffer::RingBuffer()
 .text._ZN10RingBuffer10store_charEh
                0x00082042       0x1e C:/eclipse-workspace/rpmtoCluster/Release/arduino.ar(RingBuffer.cpp.o)
                0x00082042                RingBuffer::store_char(unsigned char)
 .text._ZN9UARTClasscvbEv
                0x00082060        0x4 C:/eclipse-workspace/rpmtoCluster/Release/arduino.ar(UARTClass.cpp.o)
                0x00082060                UARTClass::operator bool()
 .text._ZN9UARTClass9availableEv
                0x00082064       0x12 C:/eclipse-workspace/rpmtoCluster/Release/arduino.ar(UARTClass.cpp.o)
                0x00082064                UARTClass::available()
 .text._ZN9UARTClass4peekEv
                0x00082076       0x1c C:/eclipse-workspace/rpmtoCluster/Release/arduino.ar(UARTClass.cpp.o)
                0x00082076                UARTClass::peek()
 .text._ZN9UARTClass4readEv
                0x00082092       0x2a C:/eclipse-workspace/rpmtoCluster/Release/arduino.ar(UARTClass.cpp.o)
                0x00082092                UARTClass::read()
 .text._ZN9UARTClass5flushEv
                0x000820bc       0x18 C:/eclipse-workspace/rpmtoCluster/Release/arduino.ar(UARTClass.cpp.o)
                0x000820bc                UARTClass::flush()
 .text._ZN9UARTClass5writeEh
                0x000820d4       0x54 C:/eclipse-workspace/rpmtoCluster/Release/arduino.ar(UARTClass.cpp.o)
                0x000820d4                UARTClass::write(unsigned char)
 .text._ZN9UARTClass3endEv
                0x00082128       0x3c C:/eclipse-workspace/rpmtoCluster/Release/arduino.ar(UARTClass.cpp.o)
                0x00082128                UARTClass::end()
 .text._ZN9UARTClassC2EP4Uart4IRQnmP10RingBufferS4_
                0x00082164       0x24 C:/eclipse-workspace/rpmtoCluster/Release/arduino.ar(UARTClass.cpp.o)
                0x00082164                UARTClass::UARTClass(Uart*, IRQn, unsigned long, RingBuffer*, RingBuffer*)
                0x00082164                UARTClass::UARTClass(Uart*, IRQn, unsigned long, RingBuffer*, RingBuffer*)
 .text._ZN9UARTClass4initEmm
                0x00082188       0x70 C:/eclipse-workspace/rpmtoCluster/Release/arduino.ar(UARTClass.cpp.o)
                0x00082188                UARTClass::init(unsigned long, unsigned long)
 .text._ZN9UARTClass5beginEm
                0x000821f8        0x8 C:/eclipse-workspace/rpmtoCluster/Release/arduino.ar(UARTClass.cpp.o)
                0x000821f8                UARTClass::begin(unsigned long)
 .text._ZN9UARTClass10IrqHandlerEv
                0x00082200       0x5a C:/eclipse-workspace/rpmtoCluster/Release/arduino.ar(UARTClass.cpp.o)
                0x00082200                UARTClass::IrqHandler()
 .text._ZN10USARTClass5beginEm
                0x0008225a        0x8 C:/eclipse-workspace/rpmtoCluster/Release/arduino.ar(USARTClass.cpp.o)
                0x0008225a                USARTClass::begin(unsigned long)
 *fill*         0x00082262        0x2 
 .text._ZN10USARTClassC2EP5Usart4IRQnmP10RingBufferS4_
                0x00082264       0x24 C:/eclipse-workspace/rpmtoCluster/Release/arduino.ar(USARTClass.cpp.o)
                0x00082264                USARTClass::USARTClass(Usart*, IRQn, unsigned long, RingBuffer*, RingBuffer*)
                0x00082264                USARTClass::USARTClass(Usart*, IRQn, unsigned long, RingBuffer*, RingBuffer*)
 .text.attachInterrupt
                0x00082288      0x148 C:/eclipse-workspace/rpmtoCluster/Release/arduino.ar(WInterrupts.c.o)
                0x00082288                attachInterrupt
 .text.PIOA_Handler
                0x000823d0       0x38 C:/eclipse-workspace/rpmtoCluster/Release/arduino.ar(WInterrupts.c.o)
                0x000823d0                PIOA_Handler
 .text.PIOB_Handler
                0x00082408       0x38 C:/eclipse-workspace/rpmtoCluster/Release/arduino.ar(WInterrupts.c.o)
                0x00082408                PIOB_Handler
 .text.PIOC_Handler
                0x00082440       0x38 C:/eclipse-workspace/rpmtoCluster/Release/arduino.ar(WInterrupts.c.o)
                0x00082440                PIOC_Handler
 .text.PIOD_Handler
                0x00082478       0x38 C:/eclipse-workspace/rpmtoCluster/Release/arduino.ar(WInterrupts.c.o)
                0x00082478                PIOD_Handler
 .text.__cxa_pure_virtual
                0x000824b0        0x2 C:/eclipse-workspace/rpmtoCluster/Release/arduino.ar(abi.cpp.o)
                0x000824b0                __cxa_pure_virtual
 .text.__halt   0x000824b2        0x2 C:/eclipse-workspace/rpmtoCluster/Release/arduino.ar(cortex_handlers.c.o)
                0x000824b2                DACC_Handler
                0x000824b2                DebugMon_Handler
                0x000824b2                DMAC_Handler
                0x000824b2                TRNG_Handler
                0x000824b2                HardFault_Handler
                0x000824b2                TC2_Handler
                0x000824b2                TWI1_Handler
                0x000824b2                NMI_Handler
                0x000824b2                TC7_Handler
                0x000824b2                ADC_Handler
                0x000824b2                SMC_Handler
                0x000824b2                RTT_Handler
                0x000824b2                EFC1_Handler
                0x000824b2                RTC_Handler
                0x000824b2                UsageFault_Handler
                0x000824b2                TC6_Handler
                0x000824b2                WDT_Handler
                0x000824b2                TC4_Handler
                0x000824b2                TC1_Handler
                0x000824b2                HSMCI_Handler
                0x000824b2                TC3_Handler
                0x000824b2                TWI0_Handler
                0x000824b2                SSC_Handler
                0x000824b2                EFC0_Handler
                0x000824b2                PMC_Handler
                0x000824b2                PWM_Handler
                0x000824b2                MemManage_Handler
                0x000824b2                SUPC_Handler
                0x000824b2                TC8_Handler
                0x000824b2                USART2_Handler
                0x000824b2                EMAC_Handler
                0x000824b2                BusFault_Handler
                0x000824b2                RSTC_Handler
                0x000824b2                TC0_Handler
                0x000824b2                TC5_Handler
                0x000824b2                SPI0_Handler
 .text.SVC_Handler
                0x000824b4        0x4 C:/eclipse-workspace/rpmtoCluster/Release/arduino.ar(cortex_handlers.c.o)
                0x000824b4                SVC_Handler
 .text.PendSV_Handler
                0x000824b8        0x4 C:/eclipse-workspace/rpmtoCluster/Release/arduino.ar(cortex_handlers.c.o)
                0x000824b8                PendSV_Handler
 .text.SysTick_Handler
                0x000824bc       0x16 C:/eclipse-workspace/rpmtoCluster/Release/arduino.ar(cortex_handlers.c.o)
                0x000824bc                SysTick_Handler
 .text.__empty  0x000824d2        0x2 C:/eclipse-workspace/rpmtoCluster/Release/arduino.ar(hooks.c.o)
                0x000824d2                yield
 .text.__false  0x000824d4        0x4 C:/eclipse-workspace/rpmtoCluster/Release/arduino.ar(hooks.c.o)
                0x000824d4                sysTickHook
 .text.__halt   0x000824d8        0x2 C:/eclipse-workspace/rpmtoCluster/Release/arduino.ar(hooks.c.o)
                0x000824d8                svcHook
                0x000824d8                pendSVHook
 .text.initVariant
                0x000824da        0x2 C:/eclipse-workspace/rpmtoCluster/Release/arduino.ar(main.cpp.o)
                0x000824da                initVariant
 .text.startup.main
                0x000824dc       0x38 C:/eclipse-workspace/rpmtoCluster/Release/arduino.ar(main.cpp.o)
                0x000824dc                main
 .text._Znaj    0x00082514        0x4 C:/eclipse-workspace/rpmtoCluster/Release/arduino.ar(new.cpp.o)
                0x00082514                operator new[](unsigned int)
 .text._sbrk    0x00082518       0x1c C:/eclipse-workspace/rpmtoCluster/Release/arduino.ar(syscalls_sam3.c.o)
                0x00082518                _sbrk
 .text.link     0x00082534        0x6 C:/eclipse-workspace/rpmtoCluster/Release/arduino.ar(syscalls_sam3.c.o)
                0x00082534                link
 .text._close   0x0008253a        0x6 C:/eclipse-workspace/rpmtoCluster/Release/arduino.ar(syscalls_sam3.c.o)
                0x0008253a                _close
 .text._fstat   0x00082540        0xa C:/eclipse-workspace/rpmtoCluster/Release/arduino.ar(syscalls_sam3.c.o)
                0x00082540                _fstat
 .text._isatty  0x0008254a        0x4 C:/eclipse-workspace/rpmtoCluster/Release/arduino.ar(syscalls_sam3.c.o)
                0x0008254a                _isatty
 .text._lseek   0x0008254e        0x4 C:/eclipse-workspace/rpmtoCluster/Release/arduino.ar(syscalls_sam3.c.o)
                0x0008254e                _lseek
 .text._read    0x00082552        0x4 C:/eclipse-workspace/rpmtoCluster/Release/arduino.ar(syscalls_sam3.c.o)
                0x00082552                _read
 *fill*         0x00082556        0x2 
 .text._write   0x00082558       0x24 C:/eclipse-workspace/rpmtoCluster/Release/arduino.ar(syscalls_sam3.c.o)
                0x00082558                _write
 .text._exit    0x0008257c        0x2 C:/eclipse-workspace/rpmtoCluster/Release/arduino.ar(syscalls_sam3.c.o)
                0x0008257c                _exit
 .text._kill    0x0008257e        0x2 C:/eclipse-workspace/rpmtoCluster/Release/arduino.ar(syscalls_sam3.c.o)
                0x0008257e                _kill
 .text._getpid  0x00082580        0x6 C:/eclipse-workspace/rpmtoCluster/Release/arduino.ar(syscalls_sam3.c.o)
                0x00082580                _getpid
 *fill*         0x00082586        0x2 
 .text._watchdogDefaultSetup
                0x00082588        0xc C:/eclipse-workspace/rpmtoCluster/Release/arduino.ar(watchdog.cpp.o)
                0x00082588                _watchdogDefaultSetup
                0x00082588                watchdogSetup()
 .text.millis   0x00082594        0x4 C:/eclipse-workspace/rpmtoCluster/Release/arduino.ar(wiring.c.o)
                0x00082594                millis
 .text.delay    0x00082598       0x1c C:/eclipse-workspace/rpmtoCluster/Release/arduino.ar(wiring.c.o)
                0x00082598                delay
 .text.analogOutputInit
                0x000825b4        0x2 C:/eclipse-workspace/rpmtoCluster/Release/arduino.ar(wiring_analog.c.o)
                0x000825b4                analogOutputInit
 *fill*         0x000825b6        0x2 
 .text.pinMode  0x000825b8      0x108 C:/eclipse-workspace/rpmtoCluster/Release/arduino.ar(wiring_digital.c.o)
                0x000825b8                pinMode
 .text.digitalWrite
                0x000826c0       0x70 C:/eclipse-workspace/rpmtoCluster/Release/arduino.ar(wiring_digital.c.o)
                0x000826c0                digitalWrite
 .text._ZN13PluggableUSB_12getInterfaceEPh
                0x00082730       0x28 C:/eclipse-workspace/rpmtoCluster/Release/arduino.ar(PluggableUSB.cpp.o)
                0x00082730                PluggableUSB_::getInterface(unsigned char*)
 .text._ZN13PluggableUSB_13getDescriptorER8USBSetup
                0x00082758       0x1c C:/eclipse-workspace/rpmtoCluster/Release/arduino.ar(PluggableUSB.cpp.o)
                0x00082758                PluggableUSB_::getDescriptor(USBSetup&)
 .text._ZN13PluggableUSB_12getShortNameEPc
                0x00082774       0x1c C:/eclipse-workspace/rpmtoCluster/Release/arduino.ar(PluggableUSB.cpp.o)
                0x00082774                PluggableUSB_::getShortName(char*)
 .text._ZN13PluggableUSB_5setupER8USBSetup
                0x00082790       0x20 C:/eclipse-workspace/rpmtoCluster/Release/arduino.ar(PluggableUSB.cpp.o)
                0x00082790                PluggableUSB_::setup(USBSetup&)
 .text._Z12PluggableUSBv
                0x000827b0       0x28 C:/eclipse-workspace/rpmtoCluster/Release/arduino.ar(PluggableUSB.cpp.o)
                0x000827b0                PluggableUSB()
 .text.TimeTick_Increment
                0x000827d8       0x10 C:\eclipse\arduinoPlugin\packages\arduino\hardware\sam\1.6.12\variants\arduino_due_x/libsam_sam3x8e_gcc_rel.a(timetick.o)
                0x000827d8                TimeTick_Increment
 .text.GetTickCount
                0x000827e8        0xc C:\eclipse\arduinoPlugin\packages\arduino\hardware\sam\1.6.12\variants\arduino_due_x/libsam_sam3x8e_gcc_rel.a(timetick.o)
                0x000827e8                GetTickCount
 .text.WDT_Disable
                0x000827f4        0x8 C:\eclipse\arduinoPlugin\packages\arduino\hardware\sam\1.6.12\variants\arduino_due_x/libsam_sam3x8e_gcc_rel.a(wdt.o)
                0x000827f4                WDT_Disable
 .text.UDD_SetStack
                0x000827fc        0xc C:\eclipse\arduinoPlugin\packages\arduino\hardware\sam\1.6.12\variants\arduino_due_x/libsam_sam3x8e_gcc_rel.a(uotghs_device.o)
                0x000827fc                UDD_SetStack
 .text.UDD_Init
                0x00082808       0xd0 C:\eclipse\arduinoPlugin\packages\arduino\hardware\sam\1.6.12\variants\arduino_due_x/libsam_sam3x8e_gcc_rel.a(uotghs_device.o)
                0x00082808                UDD_Init
 .text.UDD_Attach
                0x000828d8       0x50 C:\eclipse\arduinoPlugin\packages\arduino\hardware\sam\1.6.12\variants\arduino_due_x/libsam_sam3x8e_gcc_rel.a(uotghs_device.o)
                0x000828d8                UDD_Attach
 .text.UDD_InitEP
                0x00082928       0x2c C:\eclipse\arduinoPlugin\packages\arduino\hardware\sam\1.6.12\variants\arduino_due_x/libsam_sam3x8e_gcc_rel.a(uotghs_device.o)
                0x00082928                UDD_InitEP
 .text.UDD_InitEndpoints
                0x00082954       0x3c C:\eclipse\arduinoPlugin\packages\arduino\hardware\sam\1.6.12\variants\arduino_due_x/libsam_sam3x8e_gcc_rel.a(uotghs_device.o)
                0x00082954                UDD_InitEndpoints
 .text.UDD_WaitIN
                0x00082990       0x10 C:\eclipse\arduinoPlugin\packages\arduino\hardware\sam\1.6.12\variants\arduino_due_x/libsam_sam3x8e_gcc_rel.a(uotghs_device.o)
                0x00082990                UDD_WaitIN
 .text.UDD_WaitOUT
                0x000829a0       0x10 C:\eclipse\arduinoPlugin\packages\arduino\hardware\sam\1.6.12\variants\arduino_due_x/libsam_sam3x8e_gcc_rel.a(uotghs_device.o)
                0x000829a0                UDD_WaitOUT
 .text.UDD_ClearIN
                0x000829b0       0x18 C:\eclipse\arduinoPlugin\packages\arduino\hardware\sam\1.6.12\variants\arduino_due_x/libsam_sam3x8e_gcc_rel.a(uotghs_device.o)
                0x000829b0                UDD_ClearIN
 .text.UDD_ClearOUT
                0x000829c8       0x18 C:\eclipse\arduinoPlugin\packages\arduino\hardware\sam\1.6.12\variants\arduino_due_x/libsam_sam3x8e_gcc_rel.a(uotghs_device.o)
                0x000829c8                UDD_ClearOUT
 .text.UDD_ReceivedSetupInt
                0x000829e0       0x10 C:\eclipse\arduinoPlugin\packages\arduino\hardware\sam\1.6.12\variants\arduino_due_x/libsam_sam3x8e_gcc_rel.a(uotghs_device.o)
                0x000829e0                UDD_ReceivedSetupInt
 .text.UDD_ClearSetupInt
                0x000829f0       0x10 C:\eclipse\arduinoPlugin\packages\arduino\hardware\sam\1.6.12\variants\arduino_due_x/libsam_sam3x8e_gcc_rel.a(uotghs_device.o)
                0x000829f0                UDD_ClearSetupInt
 .text.UDD_Send
                0x00082a00       0x88 C:\eclipse\arduinoPlugin\packages\arduino\hardware\sam\1.6.12\variants\arduino_due_x/libsam_sam3x8e_gcc_rel.a(uotghs_device.o)
                0x00082a00                UDD_Send
 .text.UDD_Send8
                0x00082a88       0x24 C:\eclipse\arduinoPlugin\packages\arduino\hardware\sam\1.6.12\variants\arduino_due_x/libsam_sam3x8e_gcc_rel.a(uotghs_device.o)
                0x00082a88                UDD_Send8
 .text.UDD_Recv8
                0x00082aac       0x28 C:\eclipse\arduinoPlugin\packages\arduino\hardware\sam\1.6.12\variants\arduino_due_x/libsam_sam3x8e_gcc_rel.a(uotghs_device.o)
                0x00082aac                UDD_Recv8
 .text.UDD_Recv
                0x00082ad4       0x34 C:\eclipse\arduinoPlugin\packages\arduino\hardware\sam\1.6.12\variants\arduino_due_x/libsam_sam3x8e_gcc_rel.a(uotghs_device.o)
                0x00082ad4                UDD_Recv
 .text.UDD_Stall
                0x00082b08       0x14 C:\eclipse\arduinoPlugin\packages\arduino\hardware\sam\1.6.12\variants\arduino_due_x/libsam_sam3x8e_gcc_rel.a(uotghs_device.o)
                0x00082b08                UDD_Stall
 .text.UDD_FifoByteCount
                0x00082b1c       0x14 C:\eclipse\arduinoPlugin\packages\arduino\hardware\sam\1.6.12\variants\arduino_due_x/libsam_sam3x8e_gcc_rel.a(uotghs_device.o)
                0x00082b1c                UDD_FifoByteCount
 .text.UDD_ReleaseRX
                0x00082b30       0x28 C:\eclipse\arduinoPlugin\packages\arduino\hardware\sam\1.6.12\variants\arduino_due_x/libsam_sam3x8e_gcc_rel.a(uotghs_device.o)
                0x00082b30                UDD_ReleaseRX
 .text.UDD_ReleaseTX
                0x00082b58       0x28 C:\eclipse\arduinoPlugin\packages\arduino\hardware\sam\1.6.12\variants\arduino_due_x/libsam_sam3x8e_gcc_rel.a(uotghs_device.o)
                0x00082b58                UDD_ReleaseTX
 .text.UDD_SetAddress
                0x00082b80       0x20 C:\eclipse\arduinoPlugin\packages\arduino\hardware\sam\1.6.12\variants\arduino_due_x/libsam_sam3x8e_gcc_rel.a(uotghs_device.o)
                0x00082b80                UDD_SetAddress
 .text          0x00082ba0       0x18 c:/eclipse/arduinoplugin/packages/arduino/tools/arm-none-eabi-gcc/4.8.3-2014q1/bin/../lib/gcc/arm-none-eabi/4.8.3/armv7-m\libgcc.a(_lshrdi3.o)
                0x00082ba0                __lshrdi3
                0x00082ba0                __aeabi_llsr
 .text.__libc_init_array
                0x00082bb8       0x50 c:/eclipse/arduinoplugin/packages/arduino/tools/arm-none-eabi-gcc/4.8.3-2014q1/bin/../lib/gcc/arm-none-eabi/4.8.3/../../../../arm-none-eabi/lib/armv7-m\libc.a(lib_a-init.o)
                0x00082bb8                __libc_init_array
 .text.malloc   0x00082c08       0x10 c:/eclipse/arduinoplugin/packages/arduino/tools/arm-none-eabi-gcc/4.8.3-2014q1/bin/../lib/gcc/arm-none-eabi/4.8.3/../../../../arm-none-eabi/lib/armv7-m\libc.a(lib_a-malloc.o)
                0x00082c08                malloc
 .text._malloc_r
                0x00082c18      0x538 c:/eclipse/arduinoplugin/packages/arduino/tools/arm-none-eabi-gcc/4.8.3-2014q1/bin/../lib/gcc/arm-none-eabi/4.8.3/../../../../arm-none-eabi/lib/armv7-m\libc.a(lib_a-mallocr.o)
                0x00082c18                _malloc_r
 .text.memset   0x00083150       0x94 c:/eclipse/arduinoplugin/packages/arduino/tools/arm-none-eabi-gcc/4.8.3-2014q1/bin/../lib/gcc/arm-none-eabi/4.8.3/../../../../arm-none-eabi/lib/armv7-m\libc.a(lib_a-memset.o)
                0x00083150                memset
 .text.__malloc_lock
                0x000831e4        0x4 c:/eclipse/arduinoplugin/packages/arduino/tools/arm-none-eabi-gcc/4.8.3-2014q1/bin/../lib/gcc/arm-none-eabi/4.8.3/../../../../arm-none-eabi/lib/armv7-m\libc.a(lib_a-mlock.o)
                0x000831e4                __malloc_lock
 .text.__malloc_unlock
                0x000831e8        0x4 c:/eclipse/arduinoplugin/packages/arduino/tools/arm-none-eabi-gcc/4.8.3-2014q1/bin/../lib/gcc/arm-none-eabi/4.8.3/../../../../arm-none-eabi/lib/armv7-m\libc.a(lib_a-mlock.o)
                0x000831e8                __malloc_unlock
 .text._sbrk_r  0x000831ec       0x24 c:/eclipse/arduinoplugin/packages/arduino/tools/arm-none-eabi-gcc/4.8.3-2014q1/bin/../lib/gcc/arm-none-eabi/4.8.3/../../../../arm-none-eabi/lib/armv7-m\libc.a(lib_a-sbrkr.o)
                0x000831ec                _sbrk_r
 .text.strlen   0x00083210       0x60 c:/eclipse/arduinoplugin/packages/arduino/tools/arm-none-eabi-gcc/4.8.3-2014q1/bin/../lib/gcc/arm-none-eabi/4.8.3/../../../../arm-none-eabi/lib/armv7-m\libc.a(lib_a-strlen.o)
                0x00083210                strlen
 .text.kill     0x00083270       0x10 c:/eclipse/arduinoplugin/packages/arduino/tools/arm-none-eabi-gcc/4.8.3-2014q1/bin/../lib/gcc/arm-none-eabi/4.8.3/../../../../arm-none-eabi/lib/armv7-m\libc.a(lib_a-syskill.o)
                0x00083270                kill
 .text.startup.register_fini
                0x00083280       0x14 c:/eclipse/arduinoplugin/packages/arduino/tools/arm-none-eabi-gcc/4.8.3-2014q1/bin/../lib/gcc/arm-none-eabi/4.8.3/../../../../arm-none-eabi/lib/armv7-m\libc.a(lib_a-__call_atexit.o)
 .text.atexit   0x00083294        0xc c:/eclipse/arduinoplugin/packages/arduino/tools/arm-none-eabi-gcc/4.8.3-2014q1/bin/../lib/gcc/arm-none-eabi/4.8.3/../../../../arm-none-eabi/lib/armv7-m\libc.a(lib_a-atexit.o)
                0x00083294                atexit
 .text.__libc_fini_array
                0x000832a0       0x30 c:/eclipse/arduinoplugin/packages/arduino/tools/arm-none-eabi-gcc/4.8.3-2014q1/bin/../lib/gcc/arm-none-eabi/4.8.3/../../../../arm-none-eabi/lib/armv7-m\libc.a(lib_a-fini.o)
                0x000832a0                __libc_fini_array
 .text._malloc_trim_r
                0x000832d0       0x9c c:/eclipse/arduinoplugin/packages/arduino/tools/arm-none-eabi-gcc/4.8.3-2014q1/bin/../lib/gcc/arm-none-eabi/4.8.3/../../../../arm-none-eabi/lib/armv7-m\libc.a(lib_a-freer.o)
                0x000832d0                _malloc_trim_r
 .text._free_r  0x0008336c      0x198 c:/eclipse/arduinoplugin/packages/arduino/tools/arm-none-eabi-gcc/4.8.3-2014q1/bin/../lib/gcc/arm-none-eabi/4.8.3/../../../../arm-none-eabi/lib/armv7-m\libc.a(lib_a-freer.o)
                0x0008336c                _free_r
 .text._kill_r  0x00083504       0x28 c:/eclipse/arduinoplugin/packages/arduino/tools/arm-none-eabi-gcc/4.8.3-2014q1/bin/../lib/gcc/arm-none-eabi/4.8.3/../../../../arm-none-eabi/lib/armv7-m\libc.a(lib_a-signalr.o)
                0x00083504                _kill_r
 .text.__register_exitproc
                0x0008352c       0xa8 c:/eclipse/arduinoplugin/packages/arduino/tools/arm-none-eabi-gcc/4.8.3-2014q1/bin/../lib/gcc/arm-none-eabi/4.8.3/../../../../arm-none-eabi/lib/armv7-m\libc.a(lib_a-__atexit.o)
                0x0008352c                __register_exitproc
 *(.glue_7t)
 .glue_7t       0x00000000        0x0 linker stubs
 *(.glue_7)
 .glue_7        0x00000000        0x0 linker stubs
 *(.rodata .rodata* .gnu.linkonce.r.*)
 .rodata        0x000835d4       0x20 .\libraries\due_can-master\src\due_can.cpp.o
 .rodata._ZL12can_bit_time
                0x000835f4       0x6c .\libraries\due_can-master\src\due_can.cpp.o
 .rodata._ZTV6CANRaw
                0x00083660       0x48 .\libraries\due_can-master\src\due_can.cpp.o
                0x00083660                vtable for CANRaw
 .rodata.str1.1
                0x000836a8       0x13 .\libraries\due_can-master\src\due_can.cpp.o
 .rodata.CSWTCH.144
                0x000836bb        0x8 .\libraries\due_can-master\src\due_can.cpp.o
 *fill*         0x000836c3        0x5 
 .rodata._ZTV10CAN_COMMON
                0x000836c8       0x48 .\libraries\can_common-master\src\can_common.cpp.o
                0x000836c8                vtable for CAN_COMMON
 .rodata.g_APinDescription
                0x00083710      0xa2c .\core\variant\variant.cpp.o
                0x00083710                g_APinDescription
 .rodata        0x0008413c       0x40 C:\eclipse\arduinoPlugin\packages\arduino\hardware\sam\1.6.12\variants\arduino_due_x/libsam_sam3x8e_gcc_rel.a(adc.o)
 *fill*         0x0008417c        0x4 
 .rodata._ZTV7Serial_
                0x00084180       0x28 C:/eclipse-workspace/rpmtoCluster/Release/arduino.ar(CDC.cpp.o)
                0x00084180                vtable for Serial_
 .rodata._ZL18_cdcOtherInterface
                0x000841a8       0x42 C:/eclipse-workspace/rpmtoCluster/Release/arduino.ar(CDC.cpp.o)
 .rodata._ZL13_cdcInterface
                0x000841ea       0x42 C:/eclipse-workspace/rpmtoCluster/Release/arduino.ar(CDC.cpp.o)
 .rodata.STRING_PRODUCT
                0x0008422c        0xc C:/eclipse-workspace/rpmtoCluster/Release/arduino.ar(USBCore.cpp.o)
                0x0008422c                STRING_PRODUCT
 .rodata.USB_DeviceDescriptor
                0x00084238       0x12 C:/eclipse-workspace/rpmtoCluster/Release/arduino.ar(USBCore.cpp.o)
                0x00084238                USB_DeviceDescriptor
 .rodata.STRING_LANGUAGE
                0x0008424a        0x4 C:/eclipse-workspace/rpmtoCluster/Release/arduino.ar(USBCore.cpp.o)
                0x0008424a                STRING_LANGUAGE
 .rodata._ZL18test_packet_buffer
                0x0008424e       0x35 C:/eclipse-workspace/rpmtoCluster/Release/arduino.ar(USBCore.cpp.o)
 .rodata.STRING_MANUFACTURER
                0x00084283        0xc C:/eclipse-workspace/rpmtoCluster/Release/arduino.ar(USBCore.cpp.o)
                0x00084283                STRING_MANUFACTURER
 .rodata.USB_DeviceDescriptorA
                0x0008428f       0x12 C:/eclipse-workspace/rpmtoCluster/Release/arduino.ar(USBCore.cpp.o)
                0x0008428f                USB_DeviceDescriptorA
 .rodata._ZL19USB_DeviceQualifier
                0x000842a1        0x9 C:/eclipse-workspace/rpmtoCluster/Release/arduino.ar(USBCore.cpp.o)
 .rodata.str1.1
                0x000842aa        0xf C:/eclipse-workspace/rpmtoCluster/Release/arduino.ar(Print.cpp.o)
 *fill*         0x000842b9        0x7 
 .rodata._ZTV9UARTClass
                0x000842c0       0x30 C:/eclipse-workspace/rpmtoCluster/Release/arduino.ar(UARTClass.cpp.o)
                0x000842c0                vtable for UARTClass
 .rodata._ZTV10USARTClass
                0x000842f0       0x30 C:/eclipse-workspace/rpmtoCluster/Release/arduino.ar(USARTClass.cpp.o)
                0x000842f0                vtable for USARTClass
 .rodata.str1.4
                0x00084320        0x4 c:/eclipse/arduinoplugin/packages/arduino/tools/arm-none-eabi-gcc/4.8.3-2014q1/bin/../lib/gcc/arm-none-eabi/4.8.3/../../../../arm-none-eabi/lib/armv7-m\libc.a(lib_a-impure.o)
 .rodata._global_impure_ptr
                0x00084324        0x4 c:/eclipse/arduinoplugin/packages/arduino/tools/arm-none-eabi-gcc/4.8.3-2014q1/bin/../lib/gcc/arm-none-eabi/4.8.3/../../../../arm-none-eabi/lib/armv7-m\libc.a(lib_a-impure.o)
                0x00084324                _global_impure_ptr
 *(.ARM.extab* .gnu.linkonce.armextab.*)
                0x00084328                . = ALIGN (0x4)
 *(.init)
 .init          0x00084328        0x4 c:/eclipse/arduinoplugin/packages/arduino/tools/arm-none-eabi-gcc/4.8.3-2014q1/bin/../lib/gcc/arm-none-eabi/4.8.3/armv7-m/crti.o
                0x00084328                _init
 .init          0x0008432c        0x8 c:/eclipse/arduinoplugin/packages/arduino/tools/arm-none-eabi-gcc/4.8.3-2014q1/bin/../lib/gcc/arm-none-eabi/4.8.3/armv7-m/crtn.o
                0x00084334                . = ALIGN (0x4)
                0x00084334                __preinit_array_start = .
 *(.preinit_array)
                0x00084334                __preinit_array_end = .
                0x00084334                . = ALIGN (0x4)
                0x00084334                __init_array_start = .
 *(SORT(.init_array.*))
 .init_array.00000
                0x00084334        0x4 c:/eclipse/arduinoplugin/packages/arduino/tools/arm-none-eabi-gcc/4.8.3-2014q1/bin/../lib/gcc/arm-none-eabi/4.8.3/../../../../arm-none-eabi/lib/armv7-m\libc.a(lib_a-__call_atexit.o)
 *(.init_array)
 .init_array    0x00084338        0x4 c:/eclipse/arduinoplugin/packages/arduino/tools/arm-none-eabi-gcc/4.8.3-2014q1/bin/../lib/gcc/arm-none-eabi/4.8.3/armv7-m/crtbegin.o
 .init_array    0x0008433c        0x4 .\libraries\due_can-master\src\due_can.cpp.o
 .init_array    0x00084340        0x4 .\core\variant\variant.cpp.o
 .init_array    0x00084344        0x4 C:/eclipse-workspace/rpmtoCluster/Release/arduino.ar(CDC.cpp.o)
 .init_array    0x00084348        0x4 C:/eclipse-workspace/rpmtoCluster/Release/arduino.ar(USBCore.cpp.o)
                0x0008434c                __init_array_end = .
                0x0008434c                . = ALIGN (0x4)
 *crtbegin.o(.ctors)
 *(EXCLUDE_FILE(*crtend.o) .ctors)
 *(SORT(.ctors.*))
 *crtend.o(.ctors)
                0x0008434c                . = ALIGN (0x4)
 *(.fini)
 .fini          0x0008434c        0x4 c:/eclipse/arduinoplugin/packages/arduino/tools/arm-none-eabi-gcc/4.8.3-2014q1/bin/../lib/gcc/arm-none-eabi/4.8.3/armv7-m/crti.o
                0x0008434c                _fini
 .fini          0x00084350        0x8 c:/eclipse/arduinoplugin/packages/arduino/tools/arm-none-eabi-gcc/4.8.3-2014q1/bin/../lib/gcc/arm-none-eabi/4.8.3/armv7-m/crtn.o
                0x00084358                . = ALIGN (0x4)
                0x00084358                __fini_array_start = .
 *(.fini_array)
 .fini_array    0x00084358        0x4 c:/eclipse/arduinoplugin/packages/arduino/tools/arm-none-eabi-gcc/4.8.3-2014q1/bin/../lib/gcc/arm-none-eabi/4.8.3/armv7-m/crtbegin.o
 *(SORT(.fini_array.*))
                0x0008435c                __fini_array_end = .
 *crtbegin.o(.dtors)
 *(EXCLUDE_FILE(*crtend.o) .dtors)
 *(SORT(.dtors.*))
 *crtend.o(.dtors)
                0x0008435c                . = ALIGN (0x4)
                0x0008435c                _efixed = .
                0x0008435c                PROVIDE (__exidx_start, .)

.vfp11_veneer   0x0008435c        0x0
 .vfp11_veneer  0x00000000        0x0 linker stubs

.v4_bx          0x0008435c        0x0
 .v4_bx         0x00000000        0x0 linker stubs

.iplt           0x0008435c        0x0
 .iplt          0x00000000        0x0 c:/eclipse/arduinoplugin/packages/arduino/tools/arm-none-eabi-gcc/4.8.3-2014q1/bin/../lib/gcc/arm-none-eabi/4.8.3/armv7-m/crtbegin.o

.eh_frame       0x0008435c        0x0
 .eh_frame      0x0008435c        0x0 c:/eclipse/arduinoplugin/packages/arduino/tools/arm-none-eabi-gcc/4.8.3-2014q1/bin/../lib/gcc/arm-none-eabi/4.8.3/armv7-m/crtbegin.o

.rel.dyn        0x0008435c        0x0
 .rel.iplt      0x00000000        0x0 c:/eclipse/arduinoplugin/packages/arduino/tools/arm-none-eabi-gcc/4.8.3-2014q1/bin/../lib/gcc/arm-none-eabi/4.8.3/armv7-m/crtbegin.o

.jcr            0x0008435c        0x0
 .jcr           0x0008435c        0x0 c:/eclipse/arduinoplugin/packages/arduino/tools/arm-none-eabi-gcc/4.8.3-2014q1/bin/../lib/gcc/arm-none-eabi/4.8.3/armv7-m/crtbegin.o

.igot.plt       0x0008435c        0x0
 .igot.plt      0x00000000        0x0 c:/eclipse/arduinoplugin/packages/arduino/tools/arm-none-eabi-gcc/4.8.3-2014q1/bin/../lib/gcc/arm-none-eabi/4.8.3/armv7-m/crtbegin.o

.ARM.exidx
 *(.ARM.exidx* .gnu.linkonce.armexidx.*)
                0x0008435c                PROVIDE (__exidx_end, .)
                0x0008435c                . = ALIGN (0x4)
                0x0008435c                _etext = .

.relocate       0x20070000      0x8ac load address 0x0008435c
                0x20070000                . = ALIGN (0x4)
                0x20070000                _srelocate = .
 *(.ramfunc .ramfunc.*)
 .ramfunc       0x20070000       0x2c C:/eclipse-workspace/rpmtoCluster/Release/arduino.ar(Reset.cpp.o)
                0x20070000                banzai
 *(.data .data.*)
 .data.D1       0x2007002c        0x4 .\sloeber.ino.cpp.o
                0x2007002c                D1
 .data.SystemCoreClock
                0x20070030        0x4 C:\eclipse\arduinoPlugin\packages\arduino\hardware\sam\1.6.12\variants\arduino_due_x/libsam_sam3x8e_gcc_rel.a(system_sam3xa.o)
                0x20070030                SystemCoreClock
 .data._ZL10breakValue
                0x20070034        0x4 C:/eclipse-workspace/rpmtoCluster/Release/arduino.ar(CDC.cpp.o)
 .data._ZL12_usbLineInfo
                0x20070038        0x8 C:/eclipse-workspace/rpmtoCluster/Release/arduino.ar(CDC.cpp.o)
 .data.EndPoints
                0x20070040       0x28 C:/eclipse-workspace/rpmtoCluster/Release/arduino.ar(USBCore.cpp.o)
                0x20070040                EndPoints
 .data._ZL5ticks
                0x20070068        0x4 C:/eclipse-workspace/rpmtoCluster/Release/arduino.ar(Reset.cpp.o)
 .data.g_interrupt_enabled
                0x2007006c        0x4 C:\eclipse\arduinoPlugin\packages\arduino\hardware\sam\1.6.12\variants\arduino_due_x/libsam_sam3x8e_gcc_rel.a(interrupt_sam_nvic.o)
                0x2007006c                g_interrupt_enabled
 .data.impure_data
                0x20070070      0x428 c:/eclipse/arduinoplugin/packages/arduino/tools/arm-none-eabi-gcc/4.8.3-2014q1/bin/../lib/gcc/arm-none-eabi/4.8.3/../../../../arm-none-eabi/lib/armv7-m\libc.a(lib_a-impure.o)
 .data._impure_ptr
                0x20070498        0x4 c:/eclipse/arduinoplugin/packages/arduino/tools/arm-none-eabi-gcc/4.8.3-2014q1/bin/../lib/gcc/arm-none-eabi/4.8.3/../../../../arm-none-eabi/lib/armv7-m\libc.a(lib_a-impure.o)
                0x20070498                _impure_ptr
 .data.__malloc_av_
                0x2007049c      0x408 c:/eclipse/arduinoplugin/packages/arduino/tools/arm-none-eabi-gcc/4.8.3-2014q1/bin/../lib/gcc/arm-none-eabi/4.8.3/../../../../arm-none-eabi/lib/armv7-m\libc.a(lib_a-mallocr.o)
                0x2007049c                __malloc_av_
 .data.__malloc_trim_threshold
                0x200708a4        0x4 c:/eclipse/arduinoplugin/packages/arduino/tools/arm-none-eabi-gcc/4.8.3-2014q1/bin/../lib/gcc/arm-none-eabi/4.8.3/../../../../arm-none-eabi/lib/armv7-m\libc.a(lib_a-mallocr.o)
                0x200708a4                __malloc_trim_threshold
 .data.__malloc_sbrk_base
                0x200708a8        0x4 c:/eclipse/arduinoplugin/packages/arduino/tools/arm-none-eabi-gcc/4.8.3-2014q1/bin/../lib/gcc/arm-none-eabi/4.8.3/../../../../arm-none-eabi/lib/armv7-m\libc.a(lib_a-mallocr.o)
                0x200708a8                __malloc_sbrk_base
                0x200708ac                . = ALIGN (0x4)
                0x200708ac                _erelocate = .

.bss            0x200708ac      0xd84 load address 0x00084c08
                0x200708ac                . = ALIGN (0x4)
                0x200708ac                _sbss = .
                0x200708ac                _szero = .
 *(.bss .bss.*)
 .bss           0x200708ac       0x1c c:/eclipse/arduinoplugin/packages/arduino/tools/arm-none-eabi-gcc/4.8.3-2014q1/bin/../lib/gcc/arm-none-eabi/4.8.3/armv7-m/crtbegin.o
 .bss.old_motor_rpm
                0x200708c8        0x4 .\sloeber.ino.cpp.o
                0x200708c8                old_motor_rpm
 .bss.Flags     0x200708cc        0x1 .\sloeber.ino.cpp.o
                0x200708cc                Flags
 .bss.rpmL      0x200708cd        0x1 .\sloeber.ino.cpp.o
                0x200708cd                rpmL
 *fill*         0x200708ce        0x2 
 .bss.motor_rpm
                0x200708d0        0x4 .\sloeber.ino.cpp.o
                0x200708d0                motor_rpm
 .bss.rpmH      0x200708d4        0x1 .\sloeber.ino.cpp.o
                0x200708d4                rpmH
 *fill*         0x200708d5        0x1 
 .bss.tempRPM   0x200708d6        0x2 .\sloeber.ino.cpp.o
                0x200708d6                tempRPM
 .bss.times0    0x200708d8        0x4 .\sloeber.ino.cpp.o
                0x200708d8                times0
 .bss.times1    0x200708dc        0x4 .\sloeber.ino.cpp.o
                0x200708dc                times1
 .bss.Can0      0x200708e0      0x19c .\libraries\due_can-master\src\due_can.cpp.o
                0x200708e0                Can0
 .bss._ZGVZN6CANRaw12set_baudrateEmE6ul_mck
                0x20070a7c        0x4 .\libraries\due_can-master\src\due_can.cpp.o
 .bss._ZZN6CANRaw12set_baudrateEmE6ul_mck
                0x20070a80        0x4 .\libraries\due_can-master\src\due_can.cpp.o
 .bss.Can1      0x20070a84      0x19c .\libraries\due_can-master\src\due_can.cpp.o
                0x20070a84                Can1
 .bss.tx_buffer2
                0x20070c20       0x88 .\core\variant\variant.cpp.o
                0x20070c20                tx_buffer2
 .bss.tx_buffer1
                0x20070ca8       0x88 .\core\variant\variant.cpp.o
                0x20070ca8                tx_buffer1
 .bss.Serial    0x20070d30       0x24 .\core\variant\variant.cpp.o
                0x20070d30                Serial
 .bss.rx_buffer1
                0x20070d54       0x88 .\core\variant\variant.cpp.o
                0x20070d54                rx_buffer1
 .bss.Serial1   0x20070ddc       0x28 .\core\variant\variant.cpp.o
                0x20070ddc                Serial1
 .bss.Serial2   0x20070e04       0x28 .\core\variant\variant.cpp.o
                0x20070e04                Serial2
 .bss.Serial3   0x20070e2c       0x28 .\core\variant\variant.cpp.o
                0x20070e2c                Serial3
 .bss.tx_buffer3
                0x20070e54       0x88 .\core\variant\variant.cpp.o
                0x20070e54                tx_buffer3
 .bss.tx_buffer4
                0x20070edc       0x88 .\core\variant\variant.cpp.o
                0x20070edc                tx_buffer4
 .bss.g_pinStatus
                0x20070f64       0x4f .\core\variant\variant.cpp.o
                0x20070f64                g_pinStatus
 *fill*         0x20070fb3        0x1 
 .bss.rx_buffer2
                0x20070fb4       0x88 .\core\variant\variant.cpp.o
                0x20070fb4                rx_buffer2
 .bss.rx_buffer3
                0x2007103c       0x88 .\core\variant\variant.cpp.o
                0x2007103c                rx_buffer3
 .bss.rx_buffer4
                0x200710c4       0x88 .\core\variant\variant.cpp.o
                0x200710c4                rx_buffer4
 .bss.gpf_isr   0x2007114c        0x4 C:\eclipse\arduinoPlugin\packages\arduino\hardware\sam\1.6.12\variants\arduino_due_x/libsam_sam3x8e_gcc_rel.a(uotghs.o)
                0x2007114c                gpf_isr
 .bss.cdc_rx_buffer
                0x20071150      0x208 C:/eclipse-workspace/rpmtoCluster/Release/arduino.ar(CDC.cpp.o)
                0x20071150                cdc_rx_buffer
 .bss._ZZN7Serial_6acceptEvE5guard
                0x20071358        0x4 C:/eclipse-workspace/rpmtoCluster/Release/arduino.ar(CDC.cpp.o)
 .bss.SerialUSB
                0x2007135c       0x14 C:/eclipse-workspace/rpmtoCluster/Release/arduino.ar(CDC.cpp.o)
                0x2007135c                SerialUSB
 .bss._cmark    0x20071370        0x2 C:/eclipse-workspace/rpmtoCluster/Release/arduino.ar(USBCore.cpp.o)
                0x20071370                _cmark
 .bss._ZL14isEndpointHalt
                0x20071372        0x1 C:/eclipse-workspace/rpmtoCluster/Release/arduino.ar(USBCore.cpp.o)
 *fill*         0x20071373        0x1 
 .bss._cdcComposite
                0x20071374        0x4 C:/eclipse-workspace/rpmtoCluster/Release/arduino.ar(USBCore.cpp.o)
                0x20071374                _cdcComposite
 .bss._ZL21isRemoteWakeUpEnabled
                0x20071378        0x1 C:/eclipse-workspace/rpmtoCluster/Release/arduino.ar(USBCore.cpp.o)
 *fill*         0x20071379        0x3 
 .bss._usbInitialized
                0x2007137c        0x4 C:/eclipse-workspace/rpmtoCluster/Release/arduino.ar(USBCore.cpp.o)
                0x2007137c                _usbInitialized
 .bss.USBDevice
                0x20071380        0x1 C:/eclipse-workspace/rpmtoCluster/Release/arduino.ar(USBCore.cpp.o)
                0x20071380                USBDevice
 *fill*         0x20071381        0x3 
 .bss._usbSetInterface
                0x20071384        0x4 C:/eclipse-workspace/rpmtoCluster/Release/arduino.ar(USBCore.cpp.o)
                0x20071384                _usbSetInterface
 .bss._cend     0x20071388        0x2 C:/eclipse-workspace/rpmtoCluster/Release/arduino.ar(USBCore.cpp.o)
                0x20071388                _cend
 *fill*         0x2007138a        0x2 
 .bss._usbConfiguration
                0x2007138c        0x4 C:/eclipse-workspace/rpmtoCluster/Release/arduino.ar(USBCore.cpp.o)
                0x2007138c                _usbConfiguration
 .bss.enabled.9380
                0x20071390        0x4 C:/eclipse-workspace/rpmtoCluster/Release/arduino.ar(WInterrupts.c.o)
 .bss.callbacksPioA
                0x20071394       0x80 C:/eclipse-workspace/rpmtoCluster/Release/arduino.ar(WInterrupts.c.o)
 .bss.callbacksPioB
                0x20071414       0x80 C:/eclipse-workspace/rpmtoCluster/Release/arduino.ar(WInterrupts.c.o)
 .bss.callbacksPioC
                0x20071494       0x80 C:/eclipse-workspace/rpmtoCluster/Release/arduino.ar(WInterrupts.c.o)
 .bss.callbacksPioD
                0x20071514       0x80 C:/eclipse-workspace/rpmtoCluster/Release/arduino.ar(WInterrupts.c.o)
 .bss.heap.6420
                0x20071594        0x4 C:/eclipse-workspace/rpmtoCluster/Release/arduino.ar(syscalls_sam3.c.o)
 .bss._ZZ12PluggableUSBvE3obj
                0x20071598        0x8 C:/eclipse-workspace/rpmtoCluster/Release/arduino.ar(PluggableUSB.cpp.o)
 .bss._ZGVZ12PluggableUSBvE3obj
                0x200715a0        0x4 C:/eclipse-workspace/rpmtoCluster/Release/arduino.ar(PluggableUSB.cpp.o)
 .bss._dwTickCount
                0x200715a4        0x4 C:\eclipse\arduinoPlugin\packages\arduino\hardware\sam\1.6.12\variants\arduino_due_x/libsam_sam3x8e_gcc_rel.a(timetick.o)
 .bss.ul_recv_fifo_ptr
                0x200715a8       0x28 C:\eclipse\arduinoPlugin\packages\arduino\hardware\sam\1.6.12\variants\arduino_due_x/libsam_sam3x8e_gcc_rel.a(uotghs_device.o)
 .bss.ul_send_fifo_ptr
                0x200715d0       0x28 C:\eclipse\arduinoPlugin\packages\arduino\hardware\sam\1.6.12\variants\arduino_due_x/libsam_sam3x8e_gcc_rel.a(uotghs_device.o)
 .bss.__malloc_max_total_mem
                0x200715f8        0x4 c:/eclipse/arduinoplugin/packages/arduino/tools/arm-none-eabi-gcc/4.8.3-2014q1/bin/../lib/gcc/arm-none-eabi/4.8.3/../../../../arm-none-eabi/lib/armv7-m\libc.a(lib_a-mallocr.o)
                0x200715f8                __malloc_max_total_mem
 .bss.__malloc_max_sbrked_mem
                0x200715fc        0x4 c:/eclipse/arduinoplugin/packages/arduino/tools/arm-none-eabi-gcc/4.8.3-2014q1/bin/../lib/gcc/arm-none-eabi/4.8.3/../../../../arm-none-eabi/lib/armv7-m\libc.a(lib_a-mallocr.o)
                0x200715fc                __malloc_max_sbrked_mem
 .bss.__malloc_top_pad
                0x20071600        0x4 c:/eclipse/arduinoplugin/packages/arduino/tools/arm-none-eabi-gcc/4.8.3-2014q1/bin/../lib/gcc/arm-none-eabi/4.8.3/../../../../arm-none-eabi/lib/armv7-m\libc.a(lib_a-mallocr.o)
                0x20071600                __malloc_top_pad
 .bss.__malloc_current_mallinfo
                0x20071604       0x28 c:/eclipse/arduinoplugin/packages/arduino/tools/arm-none-eabi-gcc/4.8.3-2014q1/bin/../lib/gcc/arm-none-eabi/4.8.3/../../../../arm-none-eabi/lib/armv7-m\libc.a(lib_a-mallocr.o)
                0x20071604                __malloc_current_mallinfo
 *(COMMON)
 COMMON         0x2007162c        0x4 c:/eclipse/arduinoplugin/packages/arduino/tools/arm-none-eabi-gcc/4.8.3-2014q1/bin/../lib/gcc/arm-none-eabi/4.8.3/../../../../arm-none-eabi/lib/armv7-m\libc.a(lib_a-reent.o)
                0x2007162c                errno
                0x20071630                . = ALIGN (0x4)
                0x20071630                _ebss = .
                0x20071630                _ezero = .
                0x20071630                . = ALIGN (0x4)
                0x20071630                _end = .

.stack_dummy    0x20071630        0x0
 *(.stack*)
                0x20088000                __StackTop = (ORIGIN (ram) + 0x18000)
                0x20088000                __StackLimit = (__StackTop - SIZEOF (.stack_dummy))
                0x20088000                PROVIDE (_sstack, __StackLimit)
                0x20088000                PROVIDE (_estack, __StackTop)
OUTPUT(C:/eclipse-workspace/rpmtoCluster/Release/rpmtoCluster.elf elf32-littlearm)

.ARM.attributes
                0x00000000       0x29
 .ARM.attributes
                0x00000000       0x1d c:/eclipse/arduinoplugin/packages/arduino/tools/arm-none-eabi-gcc/4.8.3-2014q1/bin/../lib/gcc/arm-none-eabi/4.8.3/armv7-m/crti.o
 .ARM.attributes
                0x0000001d       0x2d c:/eclipse/arduinoplugin/packages/arduino/tools/arm-none-eabi-gcc/4.8.3-2014q1/bin/../lib/gcc/arm-none-eabi/4.8.3/armv7-m/crtbegin.o
 .ARM.attributes
                0x0000004a       0x33 .\sloeber.ino.cpp.o
 .ARM.attributes
                0x0000007d       0x33 .\libraries\due_can-master\src\due_can.cpp.o
 .ARM.attributes
                0x000000b0       0x33 .\libraries\can_common-master\src\can_common.cpp.o
 .ARM.attributes
                0x000000e3       0x33 .\core\variant\variant.cpp.o
 .ARM.attributes
                0x00000116       0x33 C:\eclipse\arduinoPlugin\packages\arduino\hardware\sam\1.6.12\variants\arduino_due_x/libsam_sam3x8e_gcc_rel.a(pio.o)
 .ARM.attributes
                0x00000149       0x33 C:\eclipse\arduinoPlugin\packages\arduino\hardware\sam\1.6.12\variants\arduino_due_x/libsam_sam3x8e_gcc_rel.a(pmc.o)
 .ARM.attributes
                0x0000017c       0x33 C:\eclipse\arduinoPlugin\packages\arduino\hardware\sam\1.6.12\variants\arduino_due_x/libsam_sam3x8e_gcc_rel.a(system_sam3xa.o)
 .ARM.attributes
                0x000001af       0x33 C:\eclipse\arduinoPlugin\packages\arduino\hardware\sam\1.6.12\variants\arduino_due_x/libsam_sam3x8e_gcc_rel.a(startup_sam3xa.o)
 .ARM.attributes
                0x000001e2       0x33 C:\eclipse\arduinoPlugin\packages\arduino\hardware\sam\1.6.12\variants\arduino_due_x/libsam_sam3x8e_gcc_rel.a(adc.o)
 .ARM.attributes
                0x00000215       0x33 C:\eclipse\arduinoPlugin\packages\arduino\hardware\sam\1.6.12\variants\arduino_due_x/libsam_sam3x8e_gcc_rel.a(uotghs.o)
 .ARM.attributes
                0x00000248       0x33 C:/eclipse-workspace/rpmtoCluster/Release/arduino.ar(CDC.cpp.o)
 .ARM.attributes
                0x0000027b       0x33 C:/eclipse-workspace/rpmtoCluster/Release/arduino.ar(USBCore.cpp.o)
 .ARM.attributes
                0x000002ae       0x33 C:/eclipse-workspace/rpmtoCluster/Release/arduino.ar(Print.cpp.o)
 .ARM.attributes
                0x000002e1       0x33 C:/eclipse-workspace/rpmtoCluster/Release/arduino.ar(Reset.cpp.o)
 .ARM.attributes
                0x00000314       0x33 C:/eclipse-workspace/rpmtoCluster/Release/arduino.ar(RingBuffer.cpp.o)
 .ARM.attributes
                0x00000347       0x33 C:/eclipse-workspace/rpmtoCluster/Release/arduino.ar(UARTClass.cpp.o)
 .ARM.attributes
                0x0000037a       0x33 C:/eclipse-workspace/rpmtoCluster/Release/arduino.ar(USARTClass.cpp.o)
 .ARM.attributes
                0x000003ad       0x33 C:/eclipse-workspace/rpmtoCluster/Release/arduino.ar(WInterrupts.c.o)
 .ARM.attributes
                0x000003e0       0x33 C:/eclipse-workspace/rpmtoCluster/Release/arduino.ar(abi.cpp.o)
 .ARM.attributes
                0x00000413       0x33 C:/eclipse-workspace/rpmtoCluster/Release/arduino.ar(cortex_handlers.c.o)
 .ARM.attributes
                0x00000446       0x33 C:/eclipse-workspace/rpmtoCluster/Release/arduino.ar(hooks.c.o)
 .ARM.attributes
                0x00000479       0x33 C:/eclipse-workspace/rpmtoCluster/Release/arduino.ar(main.cpp.o)
 .ARM.attributes
                0x000004ac       0x33 C:/eclipse-workspace/rpmtoCluster/Release/arduino.ar(new.cpp.o)
 .ARM.attributes
                0x000004df       0x33 C:/eclipse-workspace/rpmtoCluster/Release/arduino.ar(syscalls_sam3.c.o)
 .ARM.attributes
                0x00000512       0x33 C:/eclipse-workspace/rpmtoCluster/Release/arduino.ar(watchdog.cpp.o)
 .ARM.attributes
                0x00000545       0x33 C:/eclipse-workspace/rpmtoCluster/Release/arduino.ar(wiring.c.o)
 .ARM.attributes
                0x00000578       0x33 C:/eclipse-workspace/rpmtoCluster/Release/arduino.ar(wiring_analog.c.o)
 .ARM.attributes
                0x000005ab       0x33 C:/eclipse-workspace/rpmtoCluster/Release/arduino.ar(wiring_digital.c.o)
 .ARM.attributes
                0x000005de       0x33 C:/eclipse-workspace/rpmtoCluster/Release/arduino.ar(PluggableUSB.cpp.o)
 .ARM.attributes
                0x00000611       0x33 C:\eclipse\arduinoPlugin\packages\arduino\hardware\sam\1.6.12\variants\arduino_due_x/libsam_sam3x8e_gcc_rel.a(timetick.o)
 .ARM.attributes
                0x00000644       0x33 C:\eclipse\arduinoPlugin\packages\arduino\hardware\sam\1.6.12\variants\arduino_due_x/libsam_sam3x8e_gcc_rel.a(wdt.o)
 .ARM.attributes
                0x00000677       0x33 C:\eclipse\arduinoPlugin\packages\arduino\hardware\sam\1.6.12\variants\arduino_due_x/libsam_sam3x8e_gcc_rel.a(interrupt_sam_nvic.o)
 .ARM.attributes
                0x000006aa       0x33 C:\eclipse\arduinoPlugin\packages\arduino\hardware\sam\1.6.12\variants\arduino_due_x/libsam_sam3x8e_gcc_rel.a(uotghs_device.o)
 .ARM.attributes
                0x000006dd       0x1d c:/eclipse/arduinoplugin/packages/arduino/tools/arm-none-eabi-gcc/4.8.3-2014q1/bin/../lib/gcc/arm-none-eabi/4.8.3/armv7-m\libgcc.a(_lshrdi3.o)
 .ARM.attributes
                0x000006fa       0x2d c:/eclipse/arduinoplugin/packages/arduino/tools/arm-none-eabi-gcc/4.8.3-2014q1/bin/../lib/gcc/arm-none-eabi/4.8.3/../../../../arm-none-eabi/lib/armv7-m\libc.a(lib_a-impure.o)
 .ARM.attributes
                0x00000727       0x2d c:/eclipse/arduinoplugin/packages/arduino/tools/arm-none-eabi-gcc/4.8.3-2014q1/bin/../lib/gcc/arm-none-eabi/4.8.3/../../../../arm-none-eabi/lib/armv7-m\libc.a(lib_a-init.o)
 .ARM.attributes
                0x00000754       0x2d c:/eclipse/arduinoplugin/packages/arduino/tools/arm-none-eabi-gcc/4.8.3-2014q1/bin/../lib/gcc/arm-none-eabi/4.8.3/../../../../arm-none-eabi/lib/armv7-m\libc.a(lib_a-malloc.o)
 .ARM.attributes
                0x00000781       0x2d c:/eclipse/arduinoplugin/packages/arduino/tools/arm-none-eabi-gcc/4.8.3-2014q1/bin/../lib/gcc/arm-none-eabi/4.8.3/../../../../arm-none-eabi/lib/armv7-m\libc.a(lib_a-mallocr.o)
 .ARM.attributes
                0x000007ae       0x2d c:/eclipse/arduinoplugin/packages/arduino/tools/arm-none-eabi-gcc/4.8.3-2014q1/bin/../lib/gcc/arm-none-eabi/4.8.3/../../../../arm-none-eabi/lib/armv7-m\libc.a(lib_a-memset.o)
 .ARM.attributes
                0x000007db       0x2d c:/eclipse/arduinoplugin/packages/arduino/tools/arm-none-eabi-gcc/4.8.3-2014q1/bin/../lib/gcc/arm-none-eabi/4.8.3/../../../../arm-none-eabi/lib/armv7-m\libc.a(lib_a-mlock.o)
 .ARM.attributes
                0x00000808       0x2d c:/eclipse/arduinoplugin/packages/arduino/tools/arm-none-eabi-gcc/4.8.3-2014q1/bin/../lib/gcc/arm-none-eabi/4.8.3/../../../../arm-none-eabi/lib/armv7-m\libc.a(lib_a-sbrkr.o)
 .ARM.attributes
                0x00000835       0x2d c:/eclipse/arduinoplugin/packages/arduino/tools/arm-none-eabi-gcc/4.8.3-2014q1/bin/../lib/gcc/arm-none-eabi/4.8.3/../../../../arm-none-eabi/lib/armv7-m\libc.a(lib_a-strlen.o)
 .ARM.attributes
                0x00000862       0x2d c:/eclipse/arduinoplugin/packages/arduino/tools/arm-none-eabi-gcc/4.8.3-2014q1/bin/../lib/gcc/arm-none-eabi/4.8.3/../../../../arm-none-eabi/lib/armv7-m\libc.a(lib_a-syskill.o)
 .ARM.attributes
                0x0000088f       0x2d c:/eclipse/arduinoplugin/packages/arduino/tools/arm-none-eabi-gcc/4.8.3-2014q1/bin/../lib/gcc/arm-none-eabi/4.8.3/../../../../arm-none-eabi/lib/armv7-m\libc.a(lib_a-__call_atexit.o)
 .ARM.attributes
                0x000008bc       0x2d c:/eclipse/arduinoplugin/packages/arduino/tools/arm-none-eabi-gcc/4.8.3-2014q1/bin/../lib/gcc/arm-none-eabi/4.8.3/../../../../arm-none-eabi/lib/armv7-m\libc.a(lib_a-atexit.o)
 .ARM.attributes
                0x000008e9       0x2d c:/eclipse/arduinoplugin/packages/arduino/tools/arm-none-eabi-gcc/4.8.3-2014q1/bin/../lib/gcc/arm-none-eabi/4.8.3/../../../../arm-none-eabi/lib/armv7-m\libc.a(lib_a-fini.o)
 .ARM.attributes
                0x00000916       0x2d c:/eclipse/arduinoplugin/packages/arduino/tools/arm-none-eabi-gcc/4.8.3-2014q1/bin/../lib/gcc/arm-none-eabi/4.8.3/../../../../arm-none-eabi/lib/armv7-m\libc.a(lib_a-freer.o)
 .ARM.attributes
                0x00000943       0x2d c:/eclipse/arduinoplugin/packages/arduino/tools/arm-none-eabi-gcc/4.8.3-2014q1/bin/../lib/gcc/arm-none-eabi/4.8.3/../../../../arm-none-eabi/lib/armv7-m\libc.a(lib_a-reent.o)
 .ARM.attributes
                0x00000970       0x2d c:/eclipse/arduinoplugin/packages/arduino/tools/arm-none-eabi-gcc/4.8.3-2014q1/bin/../lib/gcc/arm-none-eabi/4.8.3/../../../../arm-none-eabi/lib/armv7-m\libc.a(lib_a-signalr.o)
 .ARM.attributes
                0x0000099d       0x2d c:/eclipse/arduinoplugin/packages/arduino/tools/arm-none-eabi-gcc/4.8.3-2014q1/bin/../lib/gcc/arm-none-eabi/4.8.3/../../../../arm-none-eabi/lib/armv7-m\libc.a(lib_a-__atexit.o)
 .ARM.attributes
                0x000009ca       0x1d c:/eclipse/arduinoplugin/packages/arduino/tools/arm-none-eabi-gcc/4.8.3-2014q1/bin/../lib/gcc/arm-none-eabi/4.8.3/armv7-m/crtn.o

.comment        0x00000000       0x70
 .comment       0x00000000       0x70 .\sloeber.ino.cpp.o
                                 0x71 (size before relaxing)
 .comment       0x00000000       0x71 .\libraries\due_can-master\src\due_can.cpp.o
 .comment       0x00000000       0x71 .\libraries\can_common-master\src\can_common.cpp.o
 .comment       0x00000000       0x71 .\core\variant\variant.cpp.o
 .comment       0x00000000       0x71 C:\eclipse\arduinoPlugin\packages\arduino\hardware\sam\1.6.12\variants\arduino_due_x/libsam_sam3x8e_gcc_rel.a(pio.o)
 .comment       0x00000000       0x71 C:\eclipse\arduinoPlugin\packages\arduino\hardware\sam\1.6.12\variants\arduino_due_x/libsam_sam3x8e_gcc_rel.a(pmc.o)
 .comment       0x00000000       0x71 C:\eclipse\arduinoPlugin\packages\arduino\hardware\sam\1.6.12\variants\arduino_due_x/libsam_sam3x8e_gcc_rel.a(system_sam3xa.o)
 .comment       0x00000000       0x71 C:\eclipse\arduinoPlugin\packages\arduino\hardware\sam\1.6.12\variants\arduino_due_x/libsam_sam3x8e_gcc_rel.a(startup_sam3xa.o)
 .comment       0x00000000       0x71 C:\eclipse\arduinoPlugin\packages\arduino\hardware\sam\1.6.12\variants\arduino_due_x/libsam_sam3x8e_gcc_rel.a(adc.o)
 .comment       0x00000000       0x71 C:\eclipse\arduinoPlugin\packages\arduino\hardware\sam\1.6.12\variants\arduino_due_x/libsam_sam3x8e_gcc_rel.a(uotghs.o)
 .comment       0x00000000       0x71 C:/eclipse-workspace/rpmtoCluster/Release/arduino.ar(CDC.cpp.o)
 .comment       0x00000000       0x71 C:/eclipse-workspace/rpmtoCluster/Release/arduino.ar(USBCore.cpp.o)
 .comment       0x00000000       0x71 C:/eclipse-workspace/rpmtoCluster/Release/arduino.ar(Print.cpp.o)
 .comment       0x00000000       0x71 C:/eclipse-workspace/rpmtoCluster/Release/arduino.ar(Reset.cpp.o)
 .comment       0x00000000       0x71 C:/eclipse-workspace/rpmtoCluster/Release/arduino.ar(RingBuffer.cpp.o)
 .comment       0x00000000       0x71 C:/eclipse-workspace/rpmtoCluster/Release/arduino.ar(UARTClass.cpp.o)
 .comment       0x00000000       0x71 C:/eclipse-workspace/rpmtoCluster/Release/arduino.ar(USARTClass.cpp.o)
 .comment       0x00000000       0x71 C:/eclipse-workspace/rpmtoCluster/Release/arduino.ar(WInterrupts.c.o)
 .comment       0x00000000       0x71 C:/eclipse-workspace/rpmtoCluster/Release/arduino.ar(abi.cpp.o)
 .comment       0x00000000       0x71 C:/eclipse-workspace/rpmtoCluster/Release/arduino.ar(cortex_handlers.c.o)
 .comment       0x00000000       0x71 C:/eclipse-workspace/rpmtoCluster/Release/arduino.ar(hooks.c.o)
 .comment       0x00000000       0x71 C:/eclipse-workspace/rpmtoCluster/Release/arduino.ar(main.cpp.o)
 .comment       0x00000000       0x71 C:/eclipse-workspace/rpmtoCluster/Release/arduino.ar(new.cpp.o)
 .comment       0x00000000       0x71 C:/eclipse-workspace/rpmtoCluster/Release/arduino.ar(syscalls_sam3.c.o)
 .comment       0x00000000       0x71 C:/eclipse-workspace/rpmtoCluster/Release/arduino.ar(watchdog.cpp.o)
 .comment       0x00000000       0x71 C:/eclipse-workspace/rpmtoCluster/Release/arduino.ar(wiring.c.o)
 .comment       0x00000000       0x71 C:/eclipse-workspace/rpmtoCluster/Release/arduino.ar(wiring_analog.c.o)
 .comment       0x00000000       0x71 C:/eclipse-workspace/rpmtoCluster/Release/arduino.ar(wiring_digital.c.o)
 .comment       0x00000000       0x71 C:/eclipse-workspace/rpmtoCluster/Release/arduino.ar(PluggableUSB.cpp.o)
 .comment       0x00000000       0x71 C:\eclipse\arduinoPlugin\packages\arduino\hardware\sam\1.6.12\variants\arduino_due_x/libsam_sam3x8e_gcc_rel.a(timetick.o)
 .comment       0x00000000       0x71 C:\eclipse\arduinoPlugin\packages\arduino\hardware\sam\1.6.12\variants\arduino_due_x/libsam_sam3x8e_gcc_rel.a(wdt.o)
 .comment       0x00000000       0x71 C:\eclipse\arduinoPlugin\packages\arduino\hardware\sam\1.6.12\variants\arduino_due_x/libsam_sam3x8e_gcc_rel.a(interrupt_sam_nvic.o)
 .comment       0x00000000       0x71 C:\eclipse\arduinoPlugin\packages\arduino\hardware\sam\1.6.12\variants\arduino_due_x/libsam_sam3x8e_gcc_rel.a(uotghs_device.o)

.debug_info     0x00000000    0x18eac
 .debug_info    0x00000000      0xa91 .\sloeber.ino.cpp.o
 .debug_info    0x00000a91     0x3f7a .\libraries\due_can-master\src\due_can.cpp.o
 .debug_info    0x00004a0b     0x2102 .\libraries\can_common-master\src\can_common.cpp.o
 .debug_info    0x00006b0d     0x1a43 .\core\variant\variant.cpp.o
 .debug_info    0x00008550     0x2f8e C:/eclipse-workspace/rpmtoCluster/Release/arduino.ar(CDC.cpp.o)
 .debug_info    0x0000b4de     0x209d C:/eclipse-workspace/rpmtoCluster/Release/arduino.ar(USBCore.cpp.o)
 .debug_info    0x0000d57b     0x27cd C:/eclipse-workspace/rpmtoCluster/Release/arduino.ar(Print.cpp.o)
 .debug_info    0x0000fd48      0x3df C:/eclipse-workspace/rpmtoCluster/Release/arduino.ar(Reset.cpp.o)
 .debug_info    0x00010127      0x1f6 C:/eclipse-workspace/rpmtoCluster/Release/arduino.ar(RingBuffer.cpp.o)
 .debug_info    0x0001031d     0x24e3 C:/eclipse-workspace/rpmtoCluster/Release/arduino.ar(UARTClass.cpp.o)
 .debug_info    0x00012800      0xbe2 C:/eclipse-workspace/rpmtoCluster/Release/arduino.ar(USARTClass.cpp.o)
 .debug_info    0x000133e2     0x121e C:/eclipse-workspace/rpmtoCluster/Release/arduino.ar(WInterrupts.c.o)
 .debug_info    0x00014600       0xa4 C:/eclipse-workspace/rpmtoCluster/Release/arduino.ar(abi.cpp.o)
 .debug_info    0x000146a4      0x2da C:/eclipse-workspace/rpmtoCluster/Release/arduino.ar(cortex_handlers.c.o)
 .debug_info    0x0001497e       0x60 C:/eclipse-workspace/rpmtoCluster/Release/arduino.ar(hooks.c.o)
 .debug_info    0x000149de      0x3cf C:/eclipse-workspace/rpmtoCluster/Release/arduino.ar(main.cpp.o)
 .debug_info    0x00014dad      0x1a1 C:/eclipse-workspace/rpmtoCluster/Release/arduino.ar(new.cpp.o)
 .debug_info    0x00014f4e      0x5f2 C:/eclipse-workspace/rpmtoCluster/Release/arduino.ar(syscalls_sam3.c.o)
 .debug_info    0x00015540      0x220 C:/eclipse-workspace/rpmtoCluster/Release/arduino.ar(watchdog.cpp.o)
 .debug_info    0x00015760      0x52f C:/eclipse-workspace/rpmtoCluster/Release/arduino.ar(wiring.c.o)
 .debug_info    0x00015c8f     0x1d7c C:/eclipse-workspace/rpmtoCluster/Release/arduino.ar(wiring_analog.c.o)
 .debug_info    0x00017a0b      0xe00 C:/eclipse-workspace/rpmtoCluster/Release/arduino.ar(wiring_digital.c.o)
 .debug_info    0x0001880b      0x6a1 C:/eclipse-workspace/rpmtoCluster/Release/arduino.ar(PluggableUSB.cpp.o)

.debug_abbrev   0x00000000     0x4456
 .debug_abbrev  0x00000000      0x31a .\sloeber.ino.cpp.o
 .debug_abbrev  0x0000031a      0x78b .\libraries\due_can-master\src\due_can.cpp.o
 .debug_abbrev  0x00000aa5      0x5a0 .\libraries\can_common-master\src\can_common.cpp.o
 .debug_abbrev  0x00001045      0x3fc .\core\variant\variant.cpp.o
 .debug_abbrev  0x00001441      0x6f6 C:/eclipse-workspace/rpmtoCluster/Release/arduino.ar(CDC.cpp.o)
 .debug_abbrev  0x00001b37      0x6d3 C:/eclipse-workspace/rpmtoCluster/Release/arduino.ar(USBCore.cpp.o)
 .debug_abbrev  0x0000220a      0x4e0 C:/eclipse-workspace/rpmtoCluster/Release/arduino.ar(Print.cpp.o)
 .debug_abbrev  0x000026ea      0x14c C:/eclipse-workspace/rpmtoCluster/Release/arduino.ar(Reset.cpp.o)
 .debug_abbrev  0x00002836      0x175 C:/eclipse-workspace/rpmtoCluster/Release/arduino.ar(RingBuffer.cpp.o)
 .debug_abbrev  0x000029ab      0x53e C:/eclipse-workspace/rpmtoCluster/Release/arduino.ar(UARTClass.cpp.o)
 .debug_abbrev  0x00002ee9      0x2eb C:/eclipse-workspace/rpmtoCluster/Release/arduino.ar(USARTClass.cpp.o)
 .debug_abbrev  0x000031d4      0x2d2 C:/eclipse-workspace/rpmtoCluster/Release/arduino.ar(WInterrupts.c.o)
 .debug_abbrev  0x000034a6       0x45 C:/eclipse-workspace/rpmtoCluster/Release/arduino.ar(abi.cpp.o)
 .debug_abbrev  0x000034eb      0x106 C:/eclipse-workspace/rpmtoCluster/Release/arduino.ar(cortex_handlers.c.o)
 .debug_abbrev  0x000035f1       0x47 C:/eclipse-workspace/rpmtoCluster/Release/arduino.ar(hooks.c.o)
 .debug_abbrev  0x00003638      0x196 C:/eclipse-workspace/rpmtoCluster/Release/arduino.ar(main.cpp.o)
 .debug_abbrev  0x000037ce       0xda C:/eclipse-workspace/rpmtoCluster/Release/arduino.ar(new.cpp.o)
 .debug_abbrev  0x000038a8      0x166 C:/eclipse-workspace/rpmtoCluster/Release/arduino.ar(syscalls_sam3.c.o)
 .debug_abbrev  0x00003a0e      0x114 C:/eclipse-workspace/rpmtoCluster/Release/arduino.ar(watchdog.cpp.o)
 .debug_abbrev  0x00003b22      0x160 C:/eclipse-workspace/rpmtoCluster/Release/arduino.ar(wiring.c.o)
 .debug_abbrev  0x00003c82      0x2fb C:/eclipse-workspace/rpmtoCluster/Release/arduino.ar(wiring_analog.c.o)
 .debug_abbrev  0x00003f7d      0x225 C:/eclipse-workspace/rpmtoCluster/Release/arduino.ar(wiring_digital.c.o)
 .debug_abbrev  0x000041a2      0x2b4 C:/eclipse-workspace/rpmtoCluster/Release/arduino.ar(PluggableUSB.cpp.o)

.debug_aranges  0x00000000      0xb80
 .debug_aranges
                0x00000000       0x38 .\sloeber.ino.cpp.o
 .debug_aranges
                0x00000038      0x290 .\libraries\due_can-master\src\due_can.cpp.o
 .debug_aranges
                0x000002c8      0x1b0 .\libraries\can_common-master\src\can_common.cpp.o
 .debug_aranges
                0x00000478       0x70 .\core\variant\variant.cpp.o
 .debug_aranges
                0x000004e8       0xd0 C:/eclipse-workspace/rpmtoCluster/Release/arduino.ar(CDC.cpp.o)
 .debug_aranges
                0x000005b8       0xc0 C:/eclipse-workspace/rpmtoCluster/Release/arduino.ar(USBCore.cpp.o)
 .debug_aranges
                0x00000678       0xf8 C:/eclipse-workspace/rpmtoCluster/Release/arduino.ar(Print.cpp.o)
 .debug_aranges
                0x00000770       0x38 C:/eclipse-workspace/rpmtoCluster/Release/arduino.ar(Reset.cpp.o)
 .debug_aranges
                0x000007a8       0x28 C:/eclipse-workspace/rpmtoCluster/Release/arduino.ar(RingBuffer.cpp.o)
 .debug_aranges
                0x000007d0       0x90 C:/eclipse-workspace/rpmtoCluster/Release/arduino.ar(UARTClass.cpp.o)
 .debug_aranges
                0x00000860       0x40 C:/eclipse-workspace/rpmtoCluster/Release/arduino.ar(USARTClass.cpp.o)
 .debug_aranges
                0x000008a0       0x48 C:/eclipse-workspace/rpmtoCluster/Release/arduino.ar(WInterrupts.c.o)
 .debug_aranges
                0x000008e8       0x28 C:/eclipse-workspace/rpmtoCluster/Release/arduino.ar(abi.cpp.o)
 .debug_aranges
                0x00000910       0x38 C:/eclipse-workspace/rpmtoCluster/Release/arduino.ar(cortex_handlers.c.o)
 .debug_aranges
                0x00000948       0x30 C:/eclipse-workspace/rpmtoCluster/Release/arduino.ar(hooks.c.o)
 .debug_aranges
                0x00000978       0x28 C:/eclipse-workspace/rpmtoCluster/Release/arduino.ar(main.cpp.o)
 .debug_aranges
                0x000009a0       0x38 C:/eclipse-workspace/rpmtoCluster/Release/arduino.ar(new.cpp.o)
 .debug_aranges
                0x000009d8       0x70 C:/eclipse-workspace/rpmtoCluster/Release/arduino.ar(syscalls_sam3.c.o)
 .debug_aranges
                0x00000a48       0x38 C:/eclipse-workspace/rpmtoCluster/Release/arduino.ar(watchdog.cpp.o)
 .debug_aranges
                0x00000a80       0x30 C:/eclipse-workspace/rpmtoCluster/Release/arduino.ar(wiring.c.o)
 .debug_aranges
                0x00000ab0       0x50 C:/eclipse-workspace/rpmtoCluster/Release/arduino.ar(wiring_analog.c.o)
 .debug_aranges
                0x00000b00       0x30 C:/eclipse-workspace/rpmtoCluster/Release/arduino.ar(wiring_digital.c.o)
 .debug_aranges
                0x00000b30       0x50 C:/eclipse-workspace/rpmtoCluster/Release/arduino.ar(PluggableUSB.cpp.o)

.debug_ranges   0x00000000      0xff8
 .debug_ranges  0x00000000       0x28 .\sloeber.ino.cpp.o
 .debug_ranges  0x00000028      0x4a8 .\libraries\due_can-master\src\due_can.cpp.o
 .debug_ranges  0x000004d0      0x1c0 .\libraries\can_common-master\src\can_common.cpp.o
 .debug_ranges  0x00000690       0x80 .\core\variant\variant.cpp.o
 .debug_ranges  0x00000710       0xd8 C:/eclipse-workspace/rpmtoCluster/Release/arduino.ar(CDC.cpp.o)
 .debug_ranges  0x000007e8      0x248 C:/eclipse-workspace/rpmtoCluster/Release/arduino.ar(USBCore.cpp.o)
 .debug_ranges  0x00000a30      0x180 C:/eclipse-workspace/rpmtoCluster/Release/arduino.ar(Print.cpp.o)
 .debug_ranges  0x00000bb0       0x28 C:/eclipse-workspace/rpmtoCluster/Release/arduino.ar(Reset.cpp.o)
 .debug_ranges  0x00000bd8       0x18 C:/eclipse-workspace/rpmtoCluster/Release/arduino.ar(RingBuffer.cpp.o)
 .debug_ranges  0x00000bf0       0xb0 C:/eclipse-workspace/rpmtoCluster/Release/arduino.ar(UARTClass.cpp.o)
 .debug_ranges  0x00000ca0       0x30 C:/eclipse-workspace/rpmtoCluster/Release/arduino.ar(USARTClass.cpp.o)
 .debug_ranges  0x00000cd0       0x50 C:/eclipse-workspace/rpmtoCluster/Release/arduino.ar(WInterrupts.c.o)
 .debug_ranges  0x00000d20       0x18 C:/eclipse-workspace/rpmtoCluster/Release/arduino.ar(abi.cpp.o)
 .debug_ranges  0x00000d38       0x28 C:/eclipse-workspace/rpmtoCluster/Release/arduino.ar(cortex_handlers.c.o)
 .debug_ranges  0x00000d60       0x20 C:/eclipse-workspace/rpmtoCluster/Release/arduino.ar(hooks.c.o)
 .debug_ranges  0x00000d80       0x18 C:/eclipse-workspace/rpmtoCluster/Release/arduino.ar(main.cpp.o)
 .debug_ranges  0x00000d98       0x28 C:/eclipse-workspace/rpmtoCluster/Release/arduino.ar(new.cpp.o)
 .debug_ranges  0x00000dc0       0x60 C:/eclipse-workspace/rpmtoCluster/Release/arduino.ar(syscalls_sam3.c.o)